---
source: tests/webpack4_unpack_raw.rs
expression: code
---
"use strict";
var r, o, i, a, u;
if ("undefined" == typeof window || "function" != typeof MessageChannel) {
    var l = null, c = null, s = function() {
        if (null !== l) try {
            var e = exports.unstable_now();
            l(!0, e);
            l = null;
        } catch (e) {
            throw setTimeout(s, 0), e;
        }
    }, f = Date.now();
    exports.unstable_now = function() {
        return Date.now() - f;
    };
    r = function(e) {
        null !== l ? setTimeout(r, 0, e) : (l = e, setTimeout(s, 0));
    };
    o = function(e, t) {
        c = setTimeout(e, t);
    };
    i = function() {
        clearTimeout(c);
    };
    a = function() {
        return !1;
    };
    u = exports.unstable_forceFrameRate = function() {};
} else {
    var d = window.performance, p = window.Date, h = window.setTimeout, m = window.clearTimeout;
    if ("undefined" != typeof console) {
        var y = window.cancelAnimationFrame;
        "function" != typeof window.requestAnimationFrame && console.error("This browser doesn't support requestAnimationFrame. Make sure that you load a polyfill in older browsers. https://fb.me/react-polyfills");
        "function" != typeof y && console.error("This browser doesn't support cancelAnimationFrame. Make sure that you load a polyfill in older browsers. https://fb.me/react-polyfills");
    }
    if ("object" == typeof d && "function" == typeof d.now) exports.unstable_now = function() {
        return d.now();
    };
    else {
        var v = p.now();
        exports.unstable_now = function() {
            return p.now() - v;
        };
    }
    var b = !1, g = null, w = -1, E = 5, x = 0;
    a = function() {
        return exports.unstable_now() >= x;
    };
    u = function() {};
    exports.unstable_forceFrameRate = function(e) {
        0 > e || 125 < e ? console.error("forceFrameRate takes a positive int between 0 and 125, forcing framerates higher than 125 fps is not unsupported") : E = 0 < e ? Math.floor(1e3 / e) : 5;
    };
    var k = new MessageChannel, T = k.port2;
    k.port1.onmessage = function() {
        if (null !== g) {
            var e = exports.unstable_now();
            x = e + E;
            try {
                g(!0, e) ? T.postMessage(null) : (b = !1, g = null);
            } catch (e) {
                throw T.postMessage(null), e;
            }
        } else b = !1;
    };
    r = function(e) {
        g = e;
        b || (b = !0, T.postMessage(null));
    };
    o = function(e, n) {
        w = h(function() {
            e(exports.unstable_now());
        }, n);
    };
    i = function() {
        m(w);
        w = -1;
    };
}
function S(e, t) {
    var n = e.length;
    e.push(t);
    e: for(;;){
        var r = n - 1 >>> 1, o = e[r];
        if (!(void 0 !== o && 0 < P(o, t))) break e;
        e[r] = t;
        e[n] = o;
        n = r;
    }
}
function O(e) {
    return void 0 === (e = e[0]) ? null : e;
}
function C(e) {
    var t = e[0];
    if (void 0 !== t) {
        var n = e.pop();
        if (n !== t) {
            e[0] = n;
            e: for(var r = 0, o = e.length; r < o;){
                var i = 2 * (r + 1) - 1, a = e[i], u = i + 1, l = e[u];
                if (void 0 !== a && 0 > P(a, n)) void 0 !== l && 0 > P(l, a) ? (e[r] = l, e[u] = n, r = u) : (e[r] = a, e[i] = n, r = i);
                else {
                    if (!(void 0 !== l && 0 > P(l, n))) break e;
                    e[r] = l;
                    e[u] = n;
                    r = u;
                }
            }
        }
        return t;
    }
    return null;
}
function P(e, t) {
    var n = e.sortIndex - t.sortIndex;
    return 0 !== n ? n : e.id - t.id;
}
var _ = [], j = [], R = 1, N = null, M = 3, A = !1, L = !1, I = !1;
function D(e) {
    for(var t = O(j); null !== t;){
        if (null === t.callback) C(j);
        else {
            if (!(t.startTime <= e)) break;
            C(j);
            t.sortIndex = t.expirationTime;
            S(_, t);
        }
        t = O(j);
    }
}
function F(e) {
    if (I = !1, D(e), !L) if (null !== O(_)) L = !0, r(z);
    else {
        var t = O(j);
        null !== t && o(F, t.startTime - e);
    }
}
function z(e, n) {
    L = !1;
    I && (I = !1, i());
    A = !0;
    var r = M;
    try {
        for(D(n), N = O(_); null !== N && (!(N.expirationTime > n) || e && !a());){
            var u = N.callback;
            if (null !== u) {
                N.callback = null;
                M = N.priorityLevel;
                var l = u(N.expirationTime <= n);
                n = exports.unstable_now();
                "function" == typeof l ? N.callback = l : N === O(_) && C(_);
                D(n);
            } else C(_);
            N = O(_);
        }
        if (null !== N) var c = !0;
        else {
            var s = O(j);
            null !== s && o(F, s.startTime - n);
            c = !1;
        }
        return c;
    } finally{
        N = null;
        M = r;
        A = !1;
    }
}
function q(e) {
    switch(e){
        case 1:
            return -1;
        case 2:
            return 250;
        case 5:
            return 1073741823;
        case 4:
            return 1e4;
        default:
            return 5e3;
    }
}
var U = u;
exports.unstable_IdlePriority = 5;
exports.unstable_ImmediatePriority = 1;
exports.unstable_LowPriority = 4;
exports.unstable_NormalPriority = 3;
exports.unstable_Profiling = null;
exports.unstable_UserBlockingPriority = 2;
exports.unstable_cancelCallback = function(e) {
    e.callback = null;
};
exports.unstable_continueExecution = function() {
    L || A || (L = !0, r(z));
};
exports.unstable_getCurrentPriorityLevel = function() {
    return M;
};
exports.unstable_getFirstCallbackNode = function() {
    return O(_);
};
exports.unstable_next = function(e) {
    switch(M){
        case 1:
        case 2:
        case 3:
            var t = 3;
            break;
        default:
            t = M;
    }
    var n = M;
    M = t;
    try {
        return e();
    } finally{
        M = n;
    }
};
exports.unstable_pauseExecution = function() {};
exports.unstable_requestPaint = U;
exports.unstable_runWithPriority = function(e, t) {
    switch(e){
        case 1:
        case 2:
        case 3:
        case 4:
        case 5:
            break;
        default:
            e = 3;
    }
    var n = M;
    M = e;
    try {
        return t();
    } finally{
        M = n;
    }
};
exports.unstable_scheduleCallback = function(e, n, a) {
    var u = exports.unstable_now();
    if ("object" == typeof a && null !== a) {
        var l = a.delay;
        l = "number" == typeof l && 0 < l ? u + l : u;
        a = "number" == typeof a.timeout ? a.timeout : q(e);
    } else a = q(e), l = u;
    return e = {
        id: R++,
        callback: n,
        priorityLevel: e,
        startTime: l,
        expirationTime: a = l + a,
        sortIndex: -1
    }, l > u ? (e.sortIndex = l, S(j, e), null === O(_) && e === O(j) && (I ? i() : I = !0, o(F, l - u))) : (e.sortIndex = a, S(_, e), L || A || (L = !0, r(z))), e;
};
exports.unstable_shouldYield = function() {
    var e = exports.unstable_now();
    D(e);
    var n = O(_);
    return n !== N && null !== N && null !== n && null !== n.callback && n.startTime <= e && n.expirationTime < N.expirationTime || a();
};
exports.unstable_wrapCallback = function(e) {
    var t = M;
    return function() {
        var n = M;
        M = t;
        try {
            return e.apply(this, arguments);
        } finally{
            M = n;
        }
    };
};
