---
source: tests/webpack4_unpack.rs
expression: code
---
import o from "./module-0.js";
import i from "./module-6.js";
import a from "./module-12.js";
import u from "./module-2.js";
import l from "./module-9.js";
import w from "./module-10.js";
import E from "./module-17.js";
export const utils = {
    get TASK () {
        return o.e;
    },
    get SAGA_ACTION () {
        return o.c;
    },
    get noop () {
        return o.u;
    },
    get is () {
        return o.q;
    },
    get deferred () {
        return o.l;
    },
    get arrayOfDeffered () {
        return o.g;
    },
    get createMockTask () {
        return o.j;
    },
    get cloneableGenerator () {
        return o.i;
    },
    get asEffect () {
        return u.d;
    },
    get CHANNEL_END () {
        return d;
    }
};
const c = Object.assign || function(e) {
    for(let t = 1; t < arguments.length; t++){
        const n = arguments[t];
        for(const r in n){
            if (Object.prototype.hasOwnProperty.call(n, r)) {
                e[r] = n[r];
            }
        }
    }
    return e;
};
const s = typeof Symbol == "function" && typeof Symbol.iterator == "symbol" ? (e)=>typeof e : (e)=>{
    if (e && typeof Symbol == "function" && e.constructor === Symbol && e !== Symbol.prototype) {
        return "symbol";
    }
    return typeof e;
};
const f = "proc first argument (Saga function result) must be an iterator";
const d = {
    toString () {
        return "@@redux-saga/CHANNEL_END";
    }
};
const p = {
    toString () {
        return "@@redux-saga/TASK_CANCEL";
    }
};
const h = {
    wildcard () {
        return o.r;
    },
    default (e) {
        if ((e === undefined ? "undefined" : s(e)) === "symbol") {
            return (t)=>t.type === e;
        }
        return (t)=>t.type === String(e);
    },
    array (e) {
        return (t)=>e.some((e)=>m(e)(t));
    },
    predicate (e) {
        return (t)=>e(t);
    }
};
function m(e) {
    return (e === "*" ? h.wildcard : o.q.array(e) ? h.array : o.q.stringableFunc(e) ? h.default : o.q.func(e) ? h.predicate : h.default)(e);
}
const y = (e)=>({
        fn: e
    });
function v(e, t = ()=>o.u, n = o.u, r = o.u, s = {}, h = {}, b = 0, g = "anonymous", w) {
    o.h(e, o.q.iterator, f);
    const E = o.n(z, o.z("[...effects]", "all([...effects])"));
    const { sagaMonitor: x, logger: k, onError: T } = h;
    const S = k || o.s;
    const O = (e)=>{
        let t = e.sagaStack;
        if (!t && e.stack) {
            t = -1 !== e.stack.split("\n")[0].indexOf(e.message) ? e.stack : "Error: " + e.message + "\n" + e.stack;
        }
        S("error", "uncaught at " + g, t || e.message || e);
    };
    const C = i.f(t);
    const P = Object.create(s);
    M.cancel = o.u;
    const _ = ((e, t, n, r)=>{
        let i;
        let a;
        n._deferredEnd = null;
        i = {};
        i[o.e] = true;
        i.id = e;
        i.name = t;
        "done";
        a = {};
        a.done = a.done || {};
        a.done.get = ()=>{
            if (n._deferredEnd) {
                return n._deferredEnd.promise;
            }
            const e = o.l();
            n._deferredEnd = e;
            n._isRunning || (n._error ? e.reject(n._error) : e.resolve(n._result));
            return e.promise;
        };
        i.cont = r;
        i.joiners = [];
        i.cancel = N;
        i.isRunning = ()=>n._isRunning;
        i.isCancelled = ()=>n._isCancelled;
        i.isAborted = ()=>n._isAborted;
        i.result = ()=>n._result;
        i.error = ()=>n._error;
        i.setContext = (e)=>{
            o.h(e, o.q.object, o.k("task", e));
            o.v.assign(P, e);
        };
        ((e, t)=>{
            for(const n in t){
                const r = t[n];
                r.configurable = true;
                r.enumerable = true;
                if ("value" in r) {
                    r.writable = true;
                }
                Object.defineProperty(e, n, r);
            }
        })(i, a);
        return i;
    })(b, g, e, w);
    const j = {
        name: g,
        cancel () {
            if (j.isRunning && !j.isCancelled) {
                j.isCancelled = true;
                M(p);
            }
        },
        isRunning: true
    };
    const R = ((t, n)=>{
        const e = 0;
        let r = [];
        let i = undefined;
        let a = false;
        function u(e) {
            c();
            n(e, true);
        }
        function l(e) {
            r.push(e);
            e.cont = (l, c)=>{
                if (!a) {
                    o.w(r, e);
                    e.cont = o.u;
                    if (c) {
                        u(l);
                    } else {
                        e === t && (i = l);
                        r.length || (a = true, n(i));
                    }
                }
            };
        }
        function c() {
            if (!a) {
                a = true;
                r.forEach((e)=>{
                    e.cont = o.u;
                    e.cancel();
                });
                r = [];
            }
        }
        l(t);
        return {
            addTask: l,
            cancelAll: c,
            abort: u,
            getTasks () {
                return r;
            },
            taskNames () {
                return r.map((e)=>e.name);
            }
        };
    })(j, A);
    function N() {
        if (e._isRunning && !e._isCancelled) {
            e._isCancelled = true;
            R.cancelAll();
            A(p);
        }
    }
    if (w) {
        w.cancel = N;
    }
    e._isRunning = true;
    M();
    return _;
    function M(t, n) {
        if (!j.isRunning) {
            throw new Error("Trying to resume an already finished generator");
        }
        try {
            let r = undefined;
            if (n) {
                r = e.throw(t);
            } else if (t === p) {
                j.isCancelled = true;
                M.cancel();
                r = o.q.func(e.return) ? e.return(p) : {
                    done: true,
                    value: p
                };
            } else {
                r = t === d ? o.q.func(e.return) ? e.return() : {
                    done: true
                } : e.next(t);
            }
            if (r.done) {
                j.isMainRunning = false;
                if (j.cont) {
                    j.cont(r.value);
                }
            } else {
                L(r.value, b, "", M);
            }
        } catch (e) {
            if (j.isCancelled) {
                O(e);
            }
            j.isMainRunning = false;
            j.cont(e, true);
        }
    }
    function A(t, n) {
        e._isRunning = false;
        C.close();
        if (n) {
            if (t instanceof Error) {
                Object.defineProperty(t, "sagaStack", {
                    value: "at " + g + " \n " + (t.sagaStack || t.stack),
                    configurable: true
                });
            }
            _.cont || (t instanceof Error && T ? T(t) : O(t));
            e._error = t;
            e._isAborted = true;
            if (e._deferredEnd) {
                e._deferredEnd.reject(t);
            }
        } else {
            e._result = t;
            if (e._deferredEnd) {
                e._deferredEnd.resolve(t);
            }
        }
        if (_.cont) {
            _.cont(t, n);
        }
        _.joiners.forEach((e)=>e.cb(t, n));
        _.joiners = null;
    }
    function L(e, s, f = "", h) {
        const v = o.y();
        if (x) {
            x.effectTriggered({
                effectId: v,
                parentEffectId: s,
                label: f,
                effect: e
            });
        }
        let b = undefined;
        function w(e, t) {
            if (!b) {
                b = true;
                h.cancel = o.u;
                x && (t ? x.effectRejected(v, e) : x.effectResolved(v, e));
                h(e, t);
            }
        }
        w.cancel = o.u;
        h.cancel = ()=>{
            if (!b) {
                b = true;
                try {
                    w.cancel();
                } catch (e) {
                    O(e);
                }
                w.cancel = o.u;
                if (x) {
                    x.effectCancelled(v);
                }
            }
        };
        let k = undefined;
        if (o.q.promise(e)) {
            return I(e, w);
        }
        if (o.q.helper(e)) {
            return F(y(e), v, w);
        }
        if (o.q.iterator(e)) {
            return D(e, v, g, w);
        }
        if (o.q.array(e)) {
            return E(e, v, w);
        }
        if (k = u.d.take(e)) {
            return ((e, t)=>{
                let n = e.channel;
                const { pattern: r, maybe: o } = e;
                n = n || C;
                const a = (e)=>{
                    if (e instanceof Error) {
                        return t(e, true);
                    }
                    if (i.e(e) && !o) {
                        return t(d);
                    }
                    return t(e);
                };
                try {
                    n.take(a, m(r));
                } catch (e) {
                    return t(e, true);
                }
                t.cancel = a.cancel;
            })(k, w);
        }
        if (k = u.d.put(e)) {
            return ((e, t)=>{
                const { channel: r, action: i, resolve: u } = e;
                a.a(()=>{
                    let e = undefined;
                    try {
                        e = (r ? r.put : n)(i);
                    } catch (e) {
                        if (r || u) {
                            return t(e, true);
                        }
                        O(e);
                    }
                    if (!u || !o.q.promise(e)) {
                        return t(e);
                    }
                    I(e, t);
                });
            })(k, w);
        }
        if (k = u.d.all(e)) {
            return z(k, v, w);
        }
        if (k = u.d.race(e)) {
            return ((e, t, n)=>{
                let r = undefined;
                const a = Object.keys(e);
                const u = {};
                a.forEach((t)=>{
                    const l = (u, l)=>{
                        if (!r) {
                            if (l) {
                                n.cancel();
                                n(u, true);
                            } else if (!i.e(u) && u !== d && u !== p) {
                                let s;
                                n.cancel();
                                r = true;
                                s = {};
                                s[t] = u;
                                const f = s;
                                n(o.q.array(e) ? Array.prototype.slice.call(c({}, f, {
                                    length: a.length
                                })) : f);
                            }
                        }
                    };
                    l.cancel = o.u;
                    u[t] = l;
                });
                n.cancel = ()=>{
                    if (!r) {
                        r = true;
                        a.forEach((e)=>u[e].cancel());
                    }
                };
                a.forEach((n)=>{
                    if (!r) {
                        L(e[n], t, n, u[n]);
                    }
                });
            })(k, v, w);
        }
        if (k = u.d.call(e)) {
            return ((e, t, n)=>{
                const { context: r, fn: i, args: a } = e;
                let u = undefined;
                try {
                    u = i.apply(r, a);
                } catch (e) {
                    return n(e, true);
                }
                if (o.q.promise(u)) {
                    return I(u, n);
                }
                if (o.q.iterator(u)) {
                    return D(u, t, i.name, n);
                }
                return n(u);
            })(k, v, w);
        }
        if (k = u.d.cps(e)) {
            return ((e, t)=>{
                const { context: n, fn: r, args: i } = e;
                try {
                    const a = (e, n)=>{
                        if (o.q.undef(e)) {
                            return t(n);
                        }
                        return t(e, true);
                    };
                    r.apply(n, i.concat(a));
                    if (a.cancel) {
                        t.cancel = ()=>a.cancel();
                    }
                } catch (e) {
                    return t(e, true);
                }
            })(k, w);
        }
        if (k = u.d.fork(e)) {
            return F(k, v, w);
        }
        if (k = u.d.join(e)) {
            return ((e, t)=>{
                if (e.isRunning()) {
                    const n = {
                        task: _,
                        cb: t
                    };
                    t.cancel = ()=>o.w(e.joiners, n);
                    e.joiners.push(n);
                } else {
                    if (e.isAborted()) {
                        t(e.error(), true);
                    } else {
                        t(e.result());
                    }
                }
            })(k, w);
        }
        if (k = u.d.cancel(e)) {
            return ((e, t)=>{
                if (e === o.d) {
                    e = _;
                }
                if (e.isRunning()) {
                    e.cancel();
                }
                t();
            })(k, w);
        }
        if (k = u.d.select(e)) {
            return ((e, t)=>{
                const { selector: n, args: o } = e;
                try {
                    const i = n(...[
                        r()
                    ].concat(o));
                    t(i);
                } catch (e) {
                    t(e, true);
                }
            })(k, w);
        }
        if (k = u.d.actionChannel(e)) {
            return ((e, n)=>{
                const { pattern: r, buffer: o } = e;
                const a = m(r);
                a.pattern = r;
                n(i.d(t, o || l.a.fixed(), a));
            })(k, w);
        }
        if (k = u.d.flush(e)) {
            return ((e, t)=>{
                e.flush(t);
            })(k, w);
        }
        if (k = u.d.cancelled(e)) {
            return ((t)=>{
                const e = 0;
                t(!!j.isCancelled);
            })(w);
        }
        if (k = u.d.getContext(e)) {
            return ((e, t)=>{
                t(P[e]);
            })(k, w);
        }
        if (k = u.d.setContext(e)) {
            return ((e, t)=>{
                o.v.assign(P, e);
                t();
            })(k, w);
        }
        return w(e);
    }
    function I(e, t) {
        const n = e[o.a];
        if (o.q.func(n)) {
            t.cancel = n;
        } else if (o.q.func(e.abort)) {
            t.cancel = ()=>e.abort();
        }
        e.then(t, (e)=>t(e, true));
    }
    function D(e, o, i, a) {
        v(e, t, n, r, P, h, o, i, a);
    }
    function F(e, i, u) {
        const { context: l, fn: c, args: s, detached: f } = e;
        const d = ((e)=>{
            const { context: t, fn: n, args: r } = e;
            if (o.q.iterator(n)) {
                return n;
            }
            let i = undefined;
            let a = undefined;
            try {
                i = n.apply(t, r);
            } catch (e) {
                a = e;
            }
            if (o.q.iterator(i)) {
                return i;
            }
            if (a) {
                return o.t(()=>{
                    throw a;
                });
            }
            return o.t((()=>{
                let e = undefined;
                const t = {
                    done: false,
                    value: i
                };
                return (n)=>{
                    if (e) {
                        return ((e)=>({
                                done: true,
                                value: e
                            }))(n);
                    }
                    e = true;
                    return t;
                };
            })());
        })({
            context: l,
            fn: c,
            args: s
        });
        try {
            a.c();
            const p = v(d, t, n, r, P, h, i, c.name, f ? null : o.u);
            if (f) {
                u(p);
            } else if (d._isRunning) {
                R.addTask(p);
                u(p);
            } else if (d._error) {
                R.abort(d._error);
            } else {
                u(p);
            }
        } finally{
            a.b();
        }
    }
    function z(e, t, n) {
        const r = Object.keys(e);
        if (!r.length) {
            return n(o.q.array(e) ? [] : {});
        }
        let a = 0;
        let u = undefined;
        const l = {};
        const s = {};
        r.forEach((t)=>{
            const f = (s, f)=>{
                u || (f || i.e(s) || s === d || s === p ? (n.cancel(), n(s, f)) : (l[t] = s, ++a === r.length && (u = true, n(o.q.array(e) ? o.f.from(c({}, l, {
                    length: r.length
                })) : l))));
            };
            f.cancel = o.u;
            s[t] = f;
        });
        n.cancel = ()=>{
            if (!u) {
                u = true;
                r.forEach((e)=>s[e].cancel());
            }
        };
        r.forEach((n)=>L(e[n], t, n, s[n]));
    }
}
const b = "runSaga(storeInterface, saga, ...args): saga argument must be a Generator function!";
export function runSaga(e, t) {
    for(let n = arguments.length, r = Array(n > 2 ? n - 2 : 0), i = 2; i < n; i++){
        r[i - 2] = arguments[i];
    }
    let a = undefined;
    if (o.q.iterator(e)) {
        a = e;
        e = t;
    } else {
        o.h(t, o.q.func, b);
        a = t(...r);
        o.h(a, o.q.iterator, b);
    }
    const { subscribe: l, dispatch: c, getState: s, context: f, sagaMonitor: d, logger: p, onError: h } = e;
    const m = o.y();
    if (d) {
        d.effectTriggered = d.effectTriggered || o.u;
        d.effectResolved = d.effectResolved || o.u;
        d.effectRejected = d.effectRejected || o.u;
        d.effectCancelled = d.effectCancelled || o.u;
        d.actionDispatched = d.actionDispatched || o.u;
        d.effectTriggered({
            effectId: m,
            root: true,
            parentEffectId: 0,
            effect: {
                root: true,
                saga: t,
                args: r
            }
        });
    }
    const y = v(a, l, o.A(c), s, f, {
        sagaMonitor: d,
        logger: p,
        onError: h
    }, m, t.name);
    if (d) {
        d.effectResolved(m, y);
    }
    return y;
}
export const END = i.a;
export const eventChannel = i.d;
export const channel = i.b;
export const buffers = l.a;
export const takeEvery = w.a;
export const takeLatest = w.c;
export const throttle = w.e;
export const delay = o.m;
export const CANCEL = o.a;
export const detach = u.i;
export { E as effects };
export default ((e = {})=>{
    const t = e.context;
    const n = t === undefined ? {} : t;
    const r = ((e, t)=>{
        const n = {};
        for(const r in e){
            t.indexOf(r) >= 0 || Object.prototype.hasOwnProperty.call(e, r) && (n[r] = e[r]);
        }
        return n;
    })(e, [
        "context"
    ]);
    const { sagaMonitor: a, logger: u, onError: l } = r;
    if (o.q.func(r)) {
        throw new Error("Saga middleware no longer accept Generator functions. Use sagaMiddleware.run instead");
    }
    if (u && !o.q.func(u)) {
        throw new Error("`options.logger` passed to the Saga middleware is not a function!");
    }
    if (l && !o.q.func(l)) {
        throw new Error("`options.onError` passed to the Saga middleware is not a function!");
    }
    if (r.emitter && !o.q.func(r.emitter)) {
        throw new Error("`options.emitter` passed to the Saga middleware is not a function!");
    }
    function c(e) {
        const { getState: t, dispatch: s } = e;
        const f = i.c();
        f.emit = (r.emitter || o.o)(f.emit);
        c.run = runSaga.bind(null, {
            context: n,
            subscribe: f.subscribe,
            dispatch: s,
            getState: t,
            sagaMonitor: a,
            logger: u,
            onError: l
        });
        return (e)=>(t)=>{
                if (a && a.actionDispatched) {
                    a.actionDispatched(t);
                }
                const n = e(t);
                f.emit(t);
                return n;
            };
    }
    c.run = ()=>{
        throw new Error("Before running a Saga, you must mount the Saga middleware on the Store using applyMiddleware");
    };
    c.setContext = (e)=>{
        o.h(e, o.q.object, o.k("sagaMiddleware", e));
        o.v.assign(n, e);
    };
    return c;
});
