---
source: tests/webpack4_unpack.rs
expression: code
---
import r from "./module-19.js";
import o from "./module-26.js";
import "./module-13.js";
export const startFetchingData = ()=>{
    return {
        type: r.FETCH_DATA + o.START
    };
};
export const fetchDataSuccess = (e)=>{
    return {
        type: r.FETCH_DATA + o.SUCCESS,
        payload: e
    };
};
export const fetchData = ()=>{
    return {
        type: r.FETCH_DATA
    };
};
