---
source: tests/webpack4_unpack.rs
expression: code
---
!function e() {
    if (typeof __REACT_DEVTOOLS_GLOBAL_HOOK__ != "undefined" && typeof __REACT_DEVTOOLS_GLOBAL_HOOK__.checkDCE == "function") {
        try {
            __REACT_DEVTOOLS_GLOBAL_HOOK__.checkDCE(e);
        } catch (e) {
            console.error(e);
        }
    }
}();
export default require("./module-48.js");
