---
source: tests/webpack4_unpack.rs
expression: code
---
import r from "./module-4.js";
import i from "./module-3.js";
import u from "./module-1.js";
import c from "./module-8.js";
import s from "./module-16.js";
import b from "./module-5.js";
import P from "./module-15.js";
import U from "./module-14.js";
import le from "./module-30.js";
export const Router = s.a;
const p = ((e)=>{
    function t(...i) {
        let n;
        let r;
        n = r = e.call(this, ...i);
        r.history = c.createBrowserHistory(r.props);
        return n;
    }
    ((e, t)=>{
        if (typeof t != "function" && t !== null) {
            throw new TypeError(`Super expression must either be null or a function, not ${typeof t}`);
        }
        e.prototype = Object.create(t && t.prototype, {
            constructor: {
                value: e,
                enumerable: false,
                writable: true,
                configurable: true
            }
        });
        t && (Object.setPrototypeOf ? Object.setPrototypeOf(e, t) : e.__proto__ = t);
    })(t, e);
    t.prototype.componentWillMount = function() {
        r(!this.props.history, "<BrowserRouter> ignores the history prop. To use a custom history, use `import { Router }` instead of `import { BrowserRouter as Router }`.");
    };
    t.prototype.render = function() {
        return i.createElement(Router, {
            history: this.history,
            children: this.props.children
        });
    };
    return t;
})(i.Component);
p.propTypes = {
    basename: u.string,
    forceRefresh: u.bool,
    getUserConfirmation: u.func,
    keyLength: u.number,
    children: u.node
};
export const BrowserRouter = p;
const y = ((e)=>{
    function t(...i) {
        let n;
        let r;
        n = r = e.call(this, ...i);
        r.history = c.createHashHistory(r.props);
        return n;
    }
    ((e, t)=>{
        if (typeof t != "function" && t !== null) {
            throw new TypeError(`Super expression must either be null or a function, not ${typeof t}`);
        }
        e.prototype = Object.create(t && t.prototype, {
            constructor: {
                value: e,
                enumerable: false,
                writable: true,
                configurable: true
            }
        });
        t && (Object.setPrototypeOf ? Object.setPrototypeOf(e, t) : e.__proto__ = t);
    })(t, e);
    t.prototype.componentWillMount = function() {
        r(!this.props.history, "<HashRouter> ignores the history prop. To use a custom history, use `import { Router }` instead of `import { HashRouter as Router }`.");
    };
    t.prototype.render = function() {
        return i.createElement(Router, {
            history: this.history,
            children: this.props.children
        });
    };
    return t;
})(i.Component);
y.propTypes = {
    basename: u.string,
    getUserConfirmation: u.func,
    hashType: u.oneOf([
        "hashbang",
        "noslash",
        "slash"
    ]),
    children: u.node
};
export const HashRouter = y;
const x = (e)=>!!(e.metaKey || e.altKey || e.ctrlKey || e.shiftKey);
const k = ((e)=>{
    function t(...i) {
        let n;
        let r;
        n = r = e.call(this, ...i);
        r.handleClick = (e)=>{
            if (r.props.onClick) {
                r.props.onClick(e);
            }
            if (!e.defaultPrevented && e.button === 0 && !r.props.target && !x(e)) {
                e.preventDefault();
                const t = r.context.router.history;
                const n = r.props;
                const { replace: o, to: i } = n;
                if (o) {
                    t.replace(i);
                } else {
                    t.push(i);
                }
            }
        };
        return n;
    }
    ((e, t)=>{
        if (typeof t != "function" && t !== null) {
            throw new TypeError(`Super expression must either be null or a function, not ${typeof t}`);
        }
        e.prototype = Object.create(t && t.prototype, {
            constructor: {
                value: e,
                enumerable: false,
                writable: true,
                configurable: true
            }
        });
        t && (Object.setPrototypeOf ? Object.setPrototypeOf(e, t) : e.__proto__ = t);
    })(t, e);
    t.prototype.render = function() {
        const props = this.props;
        props.replace;
        const { to, innerRef } = props;
        const r = ((e, t)=>{
            const n = {};
            for(const r in e){
                t.indexOf(r) >= 0 || Object.prototype.hasOwnProperty.call(e, r) && (n[r] = e[r]);
            }
            return n;
        })(props, [
            "replace",
            "to",
            "innerRef"
        ]);
        b(this.context.router, "You should not use <Link> outside a <Router>");
        b(to !== undefined, 'You must specify the "to" property');
        const history = this.context.router.history;
        const i = typeof to == "string" ? c.createLocation(to, null, null, history.location) : to;
        const u = history.createHref(i);
        return i.createElement("a", {
            ...r,
            onClick: this.handleClick,
            href: u,
            ref: innerRef
        });
    };
    return t;
})(i.Component);
k.propTypes = {
    onClick: u.func,
    target: u.string,
    replace: u.bool,
    to: u.oneOfType([
        u.string,
        u.object
    ]).isRequired,
    innerRef: u.oneOfType([
        u.string,
        u.func
    ])
};
k.defaultProps = {
    replace: false
};
k.contextTypes = {
    router: u.shape({
        history: u.shape({
            push: u.func.isRequired,
            replace: u.func.isRequired,
            createHref: u.func.isRequired
        }).isRequired
    }).isRequired
};
export const Link = k;
const O = ((e)=>{
    function t(...i) {
        let n;
        let r;
        n = r = e.call(this, ...i);
        r.history = c.createMemoryHistory(r.props);
        return n;
    }
    ((e, t)=>{
        if (typeof t != "function" && t !== null) {
            throw new TypeError(`Super expression must either be null or a function, not ${typeof t}`);
        }
        e.prototype = Object.create(t && t.prototype, {
            constructor: {
                value: e,
                enumerable: false,
                writable: true,
                configurable: true
            }
        });
        t && (Object.setPrototypeOf ? Object.setPrototypeOf(e, t) : e.__proto__ = t);
    })(t, e);
    t.prototype.componentWillMount = function() {
        r(!this.props.history, "<MemoryRouter> ignores the history prop. To use a custom history, use `import { Router }` instead of `import { MemoryRouter as Router }`.");
    };
    t.prototype.render = function() {
        return i.createElement(s.a, {
            history: this.history,
            children: this.props.children
        });
    };
    return t;
})(i.Component);
O.propTypes = {
    initialEntries: u.array,
    initialIndex: u.number,
    getUserConfirmation: u.func,
    keyLength: u.number,
    children: u.node
};
export const MemoryRouter = O;
const R = (e)=>i.Children.count(e) === 0;
const N = ((e)=>{
    function t(...i) {
        let n;
        let r;
        n = r = e.call(this, ...i);
        r.state = {
            match: r.computeMatch(r.props, r.context.router)
        };
        return n;
    }
    ((e, t)=>{
        if (typeof t != "function" && t !== null) {
            throw new TypeError(`Super expression must either be null or a function, not ${typeof t}`);
        }
        e.prototype = Object.create(t && t.prototype, {
            constructor: {
                value: e,
                enumerable: false,
                writable: true,
                configurable: true
            }
        });
        t && (Object.setPrototypeOf ? Object.setPrototypeOf(e, t) : e.__proto__ = t);
    })(t, e);
    t.prototype.getChildContext = function() {
        return {
            router: {
                ...this.context.router,
                route: {
                    location: this.props.location || this.context.router.route.location,
                    match: this.state.match
                }
            }
        };
    };
    t.prototype.computeMatch = (e, t)=>{
        const { computedMatch, location, path, strict, exact, sensitive } = e;
        if (computedMatch) {
            return computedMatch;
        }
        b(t, "You should not use <Route> or withRouter() outside a <Router>");
        const t_route = t.route;
        const pathname = (location || t_route.location).pathname;
        return P.a(pathname, {
            path: path,
            strict: strict,
            exact: exact,
            sensitive: sensitive
        }, t_route.match);
    };
    t.prototype.componentWillMount = function() {
        r(!(this.props.component && this.props.render), "You should not use <Route component> and <Route render> in the same route; <Route render> will be ignored");
        r(!(this.props.component && this.props.children && !R(this.props.children)), "You should not use <Route component> and <Route children> in the same route; <Route children> will be ignored");
        r(!(this.props.render && this.props.children && !R(this.props.children)), "You should not use <Route render> and <Route children> in the same route; <Route children> will be ignored");
    };
    t.prototype.componentWillReceiveProps = function(e, t) {
        r(!(e.location && !this.props.location), '<Route> elements should not change from uncontrolled to controlled (or vice versa). You initially used no "location" prop and then provided one on a subsequent render.');
        r(!(!e.location && this.props.location), '<Route> elements should not change from controlled to uncontrolled (or vice versa). You provided a "location" prop initially but omitted it on a subsequent render.');
        this.setState({
            match: this.computeMatch(e, t.router)
        });
    };
    t.prototype.render = function() {
        const match = this.state.match;
        const props = this.props;
        const { children, component, render } = props;
        const router = this.context.router;
        const { history, route, staticContext } = router;
        const s = {
            match: match,
            location: this.props.location || route.location,
            history: history,
            staticContext: staticContext
        };
        if (component) {
            return match ? i.createElement(component, s) : null;
        }
        if (render) {
            return match ? render(s) : null;
        }
        if (typeof children == "function") {
            return children(s);
        }
        if (children && !R(children)) {
            return i.Children.only(children);
        }
        return null;
    };
    return t;
})(i.Component);
N.propTypes = {
    computedMatch: u.object,
    path: u.string,
    exact: u.bool,
    strict: u.bool,
    sensitive: u.bool,
    component: u.func,
    render: u.func,
    children: u.oneOfType([
        u.func,
        u.node
    ]),
    location: u.object
};
N.contextTypes = {
    router: u.shape({
        history: u.object.isRequired,
        route: u.object.isRequired,
        staticContext: u.object
    })
};
N.childContextTypes = {
    router: u.object.isRequired
};
const M = N;
export const Route = M;
const L = Object.assign || function(e) {
    for(let t = 1; t < arguments.length; t++){
        const n = arguments[t];
        for(const r in n){
            if (Object.prototype.hasOwnProperty.call(n, r)) {
                e[r] = n[r];
            }
        }
    }
    return e;
};
const D = (e)=>{
    const { to, exact, strict, location, activeClassName, className, activeStyle, style, isActive, "aria-current": aria-current } = e;
    const d = ((e, t)=>{
        const n = {};
        for(const r in e){
            t.indexOf(r) >= 0 || Object.prototype.hasOwnProperty.call(e, r) && (n[r] = e[r]);
        }
        return n;
    })(e, [
        "to",
        "exact",
        "strict",
        "location",
        "activeClassName",
        "className",
        "activeStyle",
        "style",
        "isActive",
        "aria-current"
    ]);
    const p = (to === undefined ? "undefined" : typeof to) === "object" ? to.pathname : to;
    const h = p && p.replace(/([.+*?=^!:${}()[\]|/\\])/g, "\\$1");
    return i.createElement(Route, {
        path: h,
        exact: exact,
        strict: strict,
        location: location,
        children (e) {
            const { location, match } = e;
            const o = !!(isActive ? isActive(match, location) : match);
            return i.createElement(Link, L({
                to: to,
                className: o ? [
                    className,
                    activeClassName
                ].filter((e)=>e).join(" ") : className,
                style: o ? {
                    ...style,
                    ...activeStyle
                } : style,
                "aria-current": o && aria-current || null
            }, d));
        }
    });
};
D.propTypes = {
    to: Link.propTypes.to,
    exact: u.bool,
    strict: u.bool,
    location: u.object,
    activeClassName: u.string,
    className: u.string,
    activeStyle: u.object,
    style: u.object,
    isActive: u.func,
    "aria-current": u.oneOf([
        "page",
        "step",
        "location",
        "date",
        "time",
        "true"
    ])
};
D.defaultProps = {
    activeClassName: "active",
    "aria-current": "page"
};
export const NavLink = D;
const z = ((e)=>{
    function t() {
        return ((e, t)=>{
            if (!e) {
                throw new ReferenceError("this hasn't been initialised - super() hasn't been called");
            }
            if (!t || typeof t != "object" && typeof t != "function") {
                return e;
            }
            return t;
        })(this, e.apply(this, arguments));
    }
    ((e, t)=>{
        if (typeof t != "function" && t !== null) {
            throw new TypeError(`Super expression must either be null or a function, not ${typeof t}`);
        }
        e.prototype = Object.create(t && t.prototype, {
            constructor: {
                value: e,
                enumerable: false,
                writable: true,
                configurable: true
            }
        });
        t && (Object.setPrototypeOf ? Object.setPrototypeOf(e, t) : e.__proto__ = t);
    })(t, e);
    t.prototype.enable = function(e) {
        if (this.unblock) {
            this.unblock();
        }
        this.unblock = this.context.router.history.block(e);
    };
    t.prototype.disable = function() {
        if (this.unblock) {
            this.unblock();
            this.unblock = null;
        }
    };
    t.prototype.componentWillMount = function() {
        b(this.context.router, "You should not use <Prompt> outside a <Router>");
        if (this.props.when) {
            this.enable(this.props.message);
        }
    };
    t.prototype.componentWillReceiveProps = function(e) {
        if (e.when) {
            this.props.when && this.props.message === e.message || this.enable(e.message);
        } else {
            this.disable();
        }
    };
    t.prototype.componentWillUnmount = function() {
        this.disable();
    };
    t.prototype.render = ()=>null;
    return t;
})(i.Component);
z.propTypes = {
    when: u.bool,
    message: u.oneOfType([
        u.func,
        u.string
    ]).isRequired
};
z.defaultProps = {
    when: true
};
z.contextTypes = {
    router: u.shape({
        history: u.shape({
            block: u.func.isRequired
        }).isRequired
    }).isRequired
};
export const Prompt = z;
const W = {};
let $ = 0;
const B = (e = "/", t = {})=>{
    if (e === "/") {
        return e;
    }
    return ((e)=>{
        const t = e;
        const n = W[t] || (W[t] = {});
        if (n[e]) {
            return n[e];
        }
        const r = U.compile(e);
        if ($ < 10000) {
            n[e] = r;
            $++;
        }
        return r;
    })(e)(t, {
        pretty: true
    });
};
const Q = ((e)=>{
    function t() {
        return ((e, t)=>{
            if (!e) {
                throw new ReferenceError("this hasn't been initialised - super() hasn't been called");
            }
            if (!t || typeof t != "object" && typeof t != "function") {
                return e;
            }
            return t;
        })(this, e.apply(this, arguments));
    }
    ((e, t)=>{
        if (typeof t != "function" && t !== null) {
            throw new TypeError(`Super expression must either be null or a function, not ${typeof t}`);
        }
        e.prototype = Object.create(t && t.prototype, {
            constructor: {
                value: e,
                enumerable: false,
                writable: true,
                configurable: true
            }
        });
        t && (Object.setPrototypeOf ? Object.setPrototypeOf(e, t) : e.__proto__ = t);
    })(t, e);
    t.prototype.isStatic = function() {
        return this.context.router && this.context.router.staticContext;
    };
    t.prototype.componentWillMount = function() {
        b(this.context.router, "You should not use <Redirect> outside a <Router>");
        if (this.isStatic()) {
            this.perform();
        }
    };
    t.prototype.componentDidMount = function() {
        if (!this.isStatic()) {
            this.perform();
        }
    };
    t.prototype.componentDidUpdate = function(e) {
        const t = c.createLocation(e.to);
        const n = c.createLocation(this.props.to);
        if (c.locationsAreEqual(t, n)) {
            r(false, `You tried to redirect to the same route you're currently on: "${n.pathname}${n.search}"`);
        } else {
            this.perform();
        }
    };
    t.prototype.computeTo = (e)=>{
        const { computedMatch, to } = e;
        if (computedMatch) {
            return typeof to == "string" ? B(to, computedMatch.params) : {
                ...to,
                pathname: B(to.pathname, computedMatch.params)
            };
        }
        return to;
    };
    t.prototype.perform = function() {
        const history = this.context.router.history;
        const push = this.props.push;
        const n = this.computeTo(this.props);
        if (push) {
            history.push(n);
        } else {
            history.replace(n);
        }
    };
    t.prototype.render = ()=>null;
    return t;
})(i.Component);
Q.propTypes = {
    computedMatch: u.object,
    push: u.bool,
    from: u.string,
    to: u.oneOfType([
        u.string,
        u.object
    ]).isRequired
};
Q.defaultProps = {
    push: false
};
Q.contextTypes = {
    router: u.shape({
        history: u.shape({
            push: u.func.isRequired,
            replace: u.func.isRequired
        }).isRequired,
        staticContext: u.object
    }).isRequired
};
export const Redirect = Q;
const X = (e)=>{
    if (e.charAt(0) === "/") {
        return e;
    }
    return `/${e}`;
};
const J = (e, t)=>{
    if (e) {
        return {
            ...t,
            pathname: X(e) + t.pathname
        };
    }
    return t;
};
const Z = (e)=>{
    if (typeof e == "string") {
        return e;
    }
    return c.createPath(e);
};
const ee = (e)=>()=>{
        b(false, "You cannot %s with <StaticRouter>", e);
    };
const te = ()=>{};
const ne = ((e)=>{
    function t(...i) {
        let n;
        let r;
        n = r = e.call(this, ...i);
        r.createHref = (e)=>X(r.props.basename + Z(e));
        r.handlePush = (e)=>{
            const r_props = r.props;
            const { basename, context } = r_props;
            context.action = "PUSH";
            context.location = J(basename, c.createLocation(e));
            context.url = Z(context.location);
        };
        r.handleReplace = (e)=>{
            const r_props = r.props;
            const { basename, context } = r_props;
            context.action = "REPLACE";
            context.location = J(basename, c.createLocation(e));
            context.url = Z(context.location);
        };
        r.handleListen = ()=>te;
        r.handleBlock = ()=>te;
        return n;
    }
    ((e, t)=>{
        if (typeof t != "function" && t !== null) {
            throw new TypeError(`Super expression must either be null or a function, not ${typeof t}`);
        }
        e.prototype = Object.create(t && t.prototype, {
            constructor: {
                value: e,
                enumerable: false,
                writable: true,
                configurable: true
            }
        });
        t && (Object.setPrototypeOf ? Object.setPrototypeOf(e, t) : e.__proto__ = t);
    })(t, e);
    t.prototype.getChildContext = function() {
        return {
            router: {
                staticContext: this.props.context
            }
        };
    };
    t.prototype.componentWillMount = function() {
        r(!this.props.history, "<StaticRouter> ignores the history prop. To use a custom history, use `import { Router }` instead of `import { StaticRouter as Router }`.");
    };
    t.prototype.render = function() {
        const props = this.props;
        const e_basename = props.basename;
        props.context;
        const e_location = props.location;
        const r = ((e, t)=>{
            const n = {};
            for(const r in e){
                t.indexOf(r) >= 0 || Object.prototype.hasOwnProperty.call(e, r) && (n[r] = e[r]);
            }
            return n;
        })(props, [
            "basename",
            "context",
            "location"
        ]);
        const o = {
            createHref: this.createHref,
            action: "POP",
            location: ((e, t)=>{
                if (!e) {
                    return t;
                }
                const n = X(e);
                if (t.pathname.indexOf(n) !== 0) {
                    return t;
                }
                return {
                    ...t,
                    pathname: t.pathname.substr(n.length)
                };
            })(e_basename, c.createLocation(e_location)),
            push: this.handlePush,
            replace: this.handleReplace,
            go: ee("go"),
            goBack: ee("goBack"),
            goForward: ee("goForward"),
            listen: this.handleListen,
            block: this.handleBlock
        };
        return i.createElement(s.a, {
            ...r,
            history: o
        });
    };
    return t;
})(i.Component);
ne.propTypes = {
    basename: u.string,
    context: u.object.isRequired,
    location: u.oneOfType([
        u.string,
        u.object
    ])
};
ne.defaultProps = {
    basename: "",
    location: "/"
};
ne.childContextTypes = {
    router: u.object.isRequired
};
export const StaticRouter = ne;
const oe = ((e)=>{
    function t() {
        return ((e, t)=>{
            if (!e) {
                throw new ReferenceError("this hasn't been initialised - super() hasn't been called");
            }
            if (!t || typeof t != "object" && typeof t != "function") {
                return e;
            }
            return t;
        })(this, e.apply(this, arguments));
    }
    ((e, t)=>{
        if (typeof t != "function" && t !== null) {
            throw new TypeError(`Super expression must either be null or a function, not ${typeof t}`);
        }
        e.prototype = Object.create(t && t.prototype, {
            constructor: {
                value: e,
                enumerable: false,
                writable: true,
                configurable: true
            }
        });
        t && (Object.setPrototypeOf ? Object.setPrototypeOf(e, t) : e.__proto__ = t);
    })(t, e);
    t.prototype.componentWillMount = function() {
        b(this.context.router, "You should not use <Switch> outside a <Router>");
    };
    t.prototype.componentWillReceiveProps = function(e) {
        r(!(e.location && !this.props.location), '<Switch> elements should not change from uncontrolled to controlled (or vice versa). You initially used no "location" prop and then provided one on a subsequent render.');
        r(!(!e.location && this.props.location), '<Switch> elements should not change from controlled to uncontrolled (or vice versa). You provided a "location" prop initially but omitted it on a subsequent render.');
    };
    t.prototype.render = function() {
        const route = this.context.router.route;
        const children = this.props.children;
        const n = this.props.location || route.location;
        let r = undefined;
        let o = undefined;
        i.Children.forEach(children, (t)=>{
            if (r == null && i.isValidElement(t)) {
                const i = t.props;
                const { path: u, exact: l, strict: c, sensitive: s, from: f } = i;
                const d = u || f;
                o = t;
                r = P.a(n.pathname, {
                    path: d,
                    exact: l,
                    strict: c,
                    sensitive: s
                }, route.match);
            }
        });
        if (r) {
            return i.cloneElement(o, {
                location: n,
                computedMatch: r
            });
        }
        return null;
    };
    return t;
})(i.Component);
oe.contextTypes = {
    router: u.shape({
        route: u.object.isRequired
    }).isRequired
};
oe.propTypes = {
    children: u.node,
    location: u.object
};
export const Switch = oe;
export const generatePath = B;
export const matchPath = P.a;
export const withRouter = (e)=>{
    const t = (t)=>{
        const t_wrappedComponentRef = t.wrappedComponentRef;
        const r = ((e, t)=>{
            const n = {};
            for(const r in e){
                t.indexOf(r) >= 0 || Object.prototype.hasOwnProperty.call(e, r) && (n[r] = e[r]);
            }
            return n;
        })(t, [
            "wrappedComponentRef"
        ]);
        return i.createElement(M, {
            children (t) {
                return i.createElement(e, {
                    ...r,
                    ...t,
                    ref: t_wrappedComponentRef
                });
            }
        });
    };
    t.displayName = `withRouter(${e.displayName || e.name})`;
    t.WrappedComponent = e;
    t.propTypes = {
        wrappedComponentRef: u.func
    };
    return le(t, e);
};
