---
source: tests/webpack4_unpack.rs
expression: code
---
const r = {
    childContextTypes: true,
    contextTypes: true,
    defaultProps: true,
    displayName: true,
    getDefaultProps: true,
    getDerivedStateFromProps: true,
    mixins: true,
    propTypes: true,
    type: true
};
const o = {
    name: true,
    length: true,
    prototype: true,
    caller: true,
    callee: true,
    arguments: true,
    arity: true
};
const { defineProperty, getOwnPropertyNames, getOwnPropertySymbols, getOwnPropertyDescriptor, getPrototypeOf } = Object;
const s = getPrototypeOf && getPrototypeOf(Object);
export default (function e(t, n, f) {
    if (typeof n != "string") {
        if (s) {
            const d = getPrototypeOf(n);
            if (d && d !== s) {
                e(t, d, f);
            }
        }
        let p = getOwnPropertyNames(n);
        if (getOwnPropertySymbols) {
            p = p.concat(getOwnPropertySymbols(n));
        }
        for(let h = 0; h < p.length; ++h){
            const m = p[h];
            if (!(r[m] || o[m] || f && f[m])) {
                const y = getOwnPropertyDescriptor(n, m);
                try {
                    defineProperty(t, m, y);
                } catch (e) {}
            }
        }
        return t;
    }
    return t;
});
