---
source: tests/webpack4_unpack.rs
expression: code
---
import r from "./module-4.js";
import i from "./module-5.js";
import u from "./module-3.js";
import c from "./module-1.js";
export const a = ((e)=>{
    function t(...i) {
        let n;
        let r;
        n = r = e.call(this, ...i);
        r.state = {
            match: r.computeMatch(r.props.history.location.pathname)
        };
        return n;
    }
    ((e, t)=>{
        if (typeof t != "function" && t !== null) {
            throw new TypeError(`Super expression must either be null or a function, not ${typeof t}`);
        }
        e.prototype = Object.create(t && t.prototype, {
            constructor: {
                value: e,
                enumerable: false,
                writable: true,
                configurable: true
            }
        });
        t && (Object.setPrototypeOf ? Object.setPrototypeOf(e, t) : e.__proto__ = t);
    })(t, e);
    t.prototype.getChildContext = function() {
        return {
            router: {
                ...this.context.router,
                history: this.props.history,
                route: {
                    location: this.props.history.location,
                    match: this.state.match
                }
            }
        };
    };
    t.prototype.computeMatch = (e)=>({
            path: "/",
            url: "/",
            params: {},
            isExact: e === "/"
        });
    t.prototype.componentWillMount = function() {
        const e = this;
        const props = this.props;
        const { children, history } = props;
        i(children == null || u.Children.count(children) === 1, "A <Router> may have only one child element");
        this.unlisten = history.listen(()=>{
            e.setState({
                match: e.computeMatch(history.location.pathname)
            });
        });
    };
    t.prototype.componentWillReceiveProps = function(e) {
        r(this.props.history === e.history, "You cannot change <Router history>");
    };
    t.prototype.componentWillUnmount = function() {
        this.unlisten();
    };
    t.prototype.render = function() {
        const children = this.props.children;
        if (children) {
            return u.Children.only(children);
        }
        return null;
    };
    return t;
})(u.Component);
a.propTypes = {
    history: c.object.isRequired,
    children: c.node
};
a.contextTypes = {
    router: c.object
};
a.childContextTypes = {
    router: c.object.isRequired
};
