---
source: tests/webpack4_unpack.rs
expression: code
---
import o from "./module-3.js";
import { compose } from "./module-11.js";
import { withRouter } from "./module-24.js";
import u from "./module-38.js";
class l extends o.Component {
    render() {
        console.log(this.props);
        return <div>{u}</div>;
    }
}
export default compose(withRouter)(l);
