---
source: tests/webpack4_unpack.rs
expression: code
---
import r from "./module-7.js";
function o(e) {
    return e.charAt(0) === "/";
}
function i(e, t) {
    let n = t;
    for(let r = n + 1, o = e.length; r < o; n += 1, r += 1){
        e[n] = e[r];
    }
    e.pop();
}
const a = (e, t = "")=>{
    let n;
    const r = e && e.split("/") || [];
    let a = t && t.split("/") || [];
    const u = e && o(e);
    const l = t && o(t);
    const c = u || l;
    if (e && o(e)) {
        a = r;
    } else if (r.length) {
        a.pop();
        a = a.concat(r);
    }
    if (!a.length) {
        return "/";
    }
    if (a.length) {
        const s = a[a.length - 1];
        n = s === "." || s === ".." || s === "";
    } else {
        n = false;
    }
    let f = 0;
    for(let d = a.length; d >= 0; d--){
        const p = a[d];
        if (p === ".") {
            i(a, d);
        } else if (p === "..") {
            i(a, d);
            f++;
        } else if (f) {
            i(a, d);
            f--;
        }
    }
    if (!c) {
        for(; f--; f){
            a.unshift("..");
        }
    }
    if (!(!c || a[0] === "" || a[0] && o(a[0]))) {
        a.unshift("");
    }
    let h = a.join("/");
    if (n && h.substr(-1) !== "/") {
        h += "/";
    }
    return h;
};
function u(e) {
    if (e.valueOf) {
        return e.valueOf();
    }
    return Object.prototype.valueOf.call(e);
}
const l = function e(t, n) {
    if (t === n) {
        return true;
    }
    if (t == null || n == null) {
        return false;
    }
    if (Array.isArray(t)) {
        return Array.isArray(n) && t.length === n.length && t.every((t, r)=>e(t, n[r]));
    }
    if (typeof t == "object" || typeof n == "object") {
        const r = u(t);
        const o = u(n);
        if (r !== t || o !== n) {
            return e(r, o);
        }
        return Object.keys(Object.assign({}, t, n)).every((r)=>e(t[r], n[r]));
    }
    return false;
};
const c = true;
const s = "Invariant failed";
function f(e, t) {
    if (!e) {
        if (c) {
            throw new Error(s);
        }
        const n = typeof t == "function" ? t() : t;
        const r = n ? `${s}: ${n}` : s;
        throw new Error(r);
    }
}
function d(e) {
    if (e.charAt(0) === "/") {
        return e;
    }
    return `/${e}`;
}
function p(e) {
    if (e.charAt(0) === "/") {
        return e.substr(1);
    }
    return e;
}
function h(e, t) {
    if (((e, t)=>e.toLowerCase().indexOf(t.toLowerCase()) === 0 && -1 !== "/?#".indexOf(e.charAt(t.length)))(e, t)) {
        return e.substr(t.length);
    }
    return e;
}
function m(e) {
    if (e.charAt(e.length - 1) === "/") {
        return e.slice(0, -1);
    }
    return e;
}
export function parsePath(e) {
    let t = e || "/";
    let n = "";
    let r = "";
    const o = t.indexOf("#");
    if (-1 !== o) {
        r = t.substr(o);
        t = t.substr(0, o);
    }
    const i = t.indexOf("?");
    if (-1 !== i) {
        n = t.substr(i);
        t = t.substr(0, i);
    }
    return {
        pathname: t,
        search: n === "?" ? "" : n,
        hash: r === "#" ? "" : r
    };
}
export function createPath(e) {
    const { pathname: t, search: n, hash: r } = e;
    let o = t || "/";
    if (n && n !== "?") {
        o += n.charAt(0) === "?" ? n : `?${n}`;
    }
    if (r && r !== "#") {
        o += r.charAt(0) === "#" ? r : `#${r}`;
    }
    return o;
}
export function createLocation(e, t, n, o) {
    let i;
    if (typeof e == "string") {
        i = parsePath(e);
        i.state = t;
    } else {
        if ((i = r.a({}, e)).pathname === undefined) {
            i.pathname = "";
        }
        if (i.search) {
            i.search.charAt(0) !== "?" && (i.search = `?${i.search}`);
        } else {
            i.search = "";
        }
        if (i.hash) {
            i.hash.charAt(0) !== "#" && (i.hash = `#${i.hash}`);
        } else {
            i.hash = "";
        }
        if (t !== undefined && i.state === undefined) {
            i.state = t;
        }
    }
    try {
        i.pathname = decodeURI(i.pathname);
    } catch (e) {
        throw e instanceof URIError ? new URIError(`Pathname "${i.pathname}" could not be decoded. This is likely caused by an invalid percent-encoding.`) : e;
    }
    if (n) {
        i.key = n;
    }
    o ? i.pathname ? i.pathname.charAt(0) !== "/" && (i.pathname = a(i.pathname, o.pathname)) : i.pathname = o.pathname : i.pathname || (i.pathname = "/");
    return i;
}
export function locationsAreEqual(e, t) {
    return e.pathname === t.pathname && e.search === t.search && e.hash === t.hash && e.key === t.key && l(e.state, t.state);
}
function w() {
    let e = null;
    let t = [];
    return {
        setPrompt (t) {
            e = t;
            return ()=>{
                if (e === t) {
                    e = null;
                }
            };
        },
        confirmTransitionTo (t, n, r, o) {
            if (e != null) {
                const i = typeof e == "function" ? e(t, n) : e;
                if (typeof i == "string") {
                    if (typeof r == "function") {
                        r(i, o);
                    } else {
                        o(true);
                    }
                } else {
                    o(i !== false);
                }
            } else {
                o(true);
            }
        },
        appendListener (e) {
            let n = true;
            function r() {
                if (n) {
                    e(...arguments);
                }
            }
            t.push(r);
            return ()=>{
                n = false;
                t = t.filter((e)=>e !== r);
            };
        },
        notifyListeners (...n) {
            t.forEach((e)=>e(...n));
        }
    };
}
const E = !(typeof window == "undefined" || !window.document || !window.document.createElement);
function x(e, t) {
    t(window.confirm(e));
}
const k = "popstate";
const T = "hashchange";
function S() {
    try {
        return window.history.state || {};
    } catch (e) {
        return {};
    }
}
export function createBrowserHistory(e = {}) {
    if (!E) {
        f(false);
    }
    const t = window.history;
    const n = (()=>{
        const e = window.navigator.userAgent;
        return (-1 === e.indexOf("Android 2.") && -1 === e.indexOf("Android 4.0") || -1 === e.indexOf("Mobile Safari") || -1 !== e.indexOf("Chrome") || -1 !== e.indexOf("Windows Phone")) && window.history && "pushState" in window.history;
    })();
    const o = !(-1 === window.navigator.userAgent.indexOf("Trident"));
    const i = e;
    const a = i.forceRefresh;
    const u = a !== undefined && a;
    const l = i.getUserConfirmation;
    const c = l === undefined ? x : l;
    const s = i.keyLength;
    const p = s === undefined ? 6 : s;
    const y = e.basename ? m(d(e.basename)) : "";
    function g(e) {
        const t = e || {};
        const { key: n, state: r } = t;
        const o = window.location;
        let i = o.pathname + o.search + o.hash;
        if (y) {
            i = h(i, y);
        }
        return createLocation(i, r, n);
    }
    function O() {
        return Math.random().toString(36).substr(2, p);
    }
    const C = w();
    function P(e) {
        r.a(q, e);
        q.length = t.length;
        C.notifyListeners(q.location, q.action);
    }
    function _(e) {
        if (!((e)=>e.state === undefined && -1 === navigator.userAgent.indexOf("CriOS"))(e)) {
            N(g(e.state));
        }
    }
    function j() {
        N(g(S()));
    }
    let R = false;
    function N(e) {
        if (R) {
            R = false;
            P();
        } else {
            C.confirmTransitionTo(e, "POP", c, (t)=>{
                if (t) {
                    P({
                        action: "POP",
                        location: e
                    });
                } else {
                    ((e)=>{
                        const t = q.location;
                        let n = A.indexOf(t.key);
                        if (-1 === n) {
                            n = 0;
                        }
                        let r = A.indexOf(e.key);
                        if (-1 === r) {
                            r = 0;
                        }
                        const o = n - r;
                        if (o) {
                            R = true;
                            I(o);
                        }
                    })(e);
                }
            });
        }
    }
    const M = g(S());
    let A = [
        M.key
    ];
    function L(e) {
        return y + createPath(e);
    }
    function I(e) {
        t.go(e);
    }
    let D = 0;
    function F(e) {
        if ((D += e) === 1 && e === 1) {
            window.addEventListener(k, _);
            if (o) {
                window.addEventListener(T, j);
            }
        } else if (D === 0) {
            window.removeEventListener(k, _);
            if (o) {
                window.removeEventListener(T, j);
            }
        }
    }
    let z = false;
    const q = {
        length: t.length,
        action: "POP",
        location: M,
        createHref: L,
        push (e, r) {
            const o = createLocation(e, r, O(), q.location);
            C.confirmTransitionTo(o, "PUSH", c, (e)=>{
                if (e) {
                    const r = L(o);
                    const { key: i, state: a } = o;
                    if (n) {
                        t.pushState({
                            key: i,
                            state: a
                        }, null, r);
                        if (u) {
                            window.location.href = r;
                        } else {
                            const l = A.indexOf(q.location.key);
                            const c = A.slice(0, l + 1);
                            c.push(o.key);
                            A = c;
                            P({
                                action: "PUSH",
                                location: o
                            });
                        }
                    } else {
                        window.location.href = r;
                    }
                }
            });
        },
        replace (e, r) {
            const o = createLocation(e, r, O(), q.location);
            C.confirmTransitionTo(o, "REPLACE", c, (e)=>{
                if (e) {
                    const r = L(o);
                    const { key: i, state: a } = o;
                    if (n) {
                        t.replaceState({
                            key: i,
                            state: a
                        }, null, r);
                        if (u) {
                            window.location.replace(r);
                        } else {
                            const l = A.indexOf(q.location.key);
                            if (-1 !== l) {
                                A[l] = o.key;
                            }
                            P({
                                action: "REPLACE",
                                location: o
                            });
                        }
                    } else {
                        window.location.replace(r);
                    }
                }
            });
        },
        go: I,
        goBack () {
            I(-1);
        },
        goForward () {
            I(1);
        },
        block (e = false) {
            const t = C.setPrompt(e);
            if (!z) {
                F(1);
                z = true;
            }
            return ()=>{
                if (z) {
                    z = false;
                    F(-1);
                }
                return t();
            };
        },
        listen (e) {
            const t = C.appendListener(e);
            F(1);
            return ()=>{
                F(-1);
                t();
            };
        }
    };
    return q;
}
const C = "hashchange";
const P = {
    hashbang: {
        encodePath (e) {
            if (e.charAt(0) === "!") {
                return e;
            }
            return `!/${p(e)}`;
        },
        decodePath (e) {
            if (e.charAt(0) === "!") {
                return e.substr(1);
            }
            return e;
        }
    },
    noslash: {
        encodePath: p,
        decodePath: d
    },
    slash: {
        encodePath: d,
        decodePath: d
    }
};
function _(e) {
    const t = e.indexOf("#");
    if (-1 === t) {
        return e;
    }
    return e.slice(0, t);
}
function j() {
    const e = window.location.href;
    const t = e.indexOf("#");
    if (-1 === t) {
        return "";
    }
    return e.substring(t + 1);
}
function R(e) {
    window.location.replace(`${_(window.location.href)}#${e}`);
}
export function createHashHistory(e = {}) {
    if (!E) {
        f(false);
    }
    const t = window.history;
    window.navigator.userAgent.indexOf("Firefox");
    const n = e;
    const o = n.getUserConfirmation;
    const i = o === undefined ? x : o;
    const a = n.hashType;
    const u = a === undefined ? "slash" : a;
    const l = e.basename ? m(d(e.basename)) : "";
    const c = P[u];
    const { encodePath: s, decodePath: p } = c;
    function y() {
        let e = p(j());
        if (l) {
            e = h(e, l);
        }
        return createLocation(e);
    }
    const g = w();
    function k(e) {
        r.a(q, e);
        q.length = t.length;
        g.notifyListeners(q.location, q.action);
    }
    let T = false;
    let S = null;
    function O() {
        const e = j();
        const t = s(e);
        if (e !== t) {
            R(t);
        } else {
            const n = y();
            const r = q.location;
            if (!T && ((e, t)=>e.pathname === t.pathname && e.search === t.search && e.hash === t.hash)(r, n)) {
                return;
            }
            if (S === createPath(n)) {
                return;
            }
            S = null;
            ((e)=>{
                if (T) {
                    T = false;
                    k();
                } else {
                    g.confirmTransitionTo(e, "POP", i, (t)=>{
                        if (t) {
                            k({
                                action: "POP",
                                location: e
                            });
                        } else {
                            ((e)=>{
                                const t = q.location;
                                let n = L.lastIndexOf(createPath(t));
                                if (-1 === n) {
                                    n = 0;
                                }
                                let r = L.lastIndexOf(createPath(e));
                                if (-1 === r) {
                                    r = 0;
                                }
                                const o = n - r;
                                if (o) {
                                    T = true;
                                    I(o);
                                }
                            })(e);
                        }
                    });
                }
            })(n);
        }
    }
    const N = j();
    const M = s(N);
    if (N !== M) {
        R(M);
    }
    const A = y();
    let L = [
        createPath(A)
    ];
    function I(e) {
        t.go(e);
    }
    let D = 0;
    function F(e) {
        if ((D += e) === 1 && e === 1) {
            window.addEventListener(C, O);
        } else if (D === 0) {
            window.removeEventListener(C, O);
        }
    }
    let z = false;
    const q = {
        length: t.length,
        action: "POP",
        location: A,
        createHref (e) {
            const t = document.querySelector("base");
            let n = "";
            if (t && t.getAttribute("href")) {
                n = _(window.location.href);
            }
            return `${n}#${s(l + createPath(e))}`;
        },
        push (e, t) {
            const n = createLocation(e, undefined, undefined, q.location);
            g.confirmTransitionTo(n, "PUSH", i, (e)=>{
                if (e) {
                    const t = createPath(n);
                    const r = s(l + t);
                    if (j() !== r) {
                        S = t;
                        ((e)=>{
                            window.location.hash = e;
                        })(r);
                        const o = L.lastIndexOf(createPath(q.location));
                        const i = L.slice(0, o + 1);
                        i.push(t);
                        L = i;
                        k({
                            action: "PUSH",
                            location: n
                        });
                    } else {
                        k();
                    }
                }
            });
        },
        replace (e, t) {
            const n = createLocation(e, undefined, undefined, q.location);
            g.confirmTransitionTo(n, "REPLACE", i, (e)=>{
                if (e) {
                    const t = createPath(n);
                    const r = s(l + t);
                    if (j() !== r) {
                        S = t;
                        R(r);
                    }
                    const o = L.indexOf(createPath(q.location));
                    if (-1 !== o) {
                        L[o] = t;
                    }
                    k({
                        action: "REPLACE",
                        location: n
                    });
                }
            });
        },
        go: I,
        goBack () {
            I(-1);
        },
        goForward () {
            I(1);
        },
        block (e = false) {
            const t = g.setPrompt(e);
            if (!z) {
                F(1);
                z = true;
            }
            return ()=>{
                if (z) {
                    z = false;
                    F(-1);
                }
                return t();
            };
        },
        listen (e) {
            const t = g.appendListener(e);
            F(1);
            return ()=>{
                F(-1);
                t();
            };
        }
    };
    return q;
}
function M(e, t, n) {
    return Math.min(Math.max(e, t), n);
}
export function createMemoryHistory(e = {}) {
    const t = e;
    const { getUserConfirmation: n, initialEntries: o } = t;
    const i = o === undefined ? [
        "/"
    ] : o;
    const a = t.initialIndex;
    const u = a === undefined ? 0 : a;
    const l = t.keyLength;
    const c = l === undefined ? 6 : l;
    const s = w();
    function f(e) {
        r.a(g, e);
        g.length = g.entries.length;
        s.notifyListeners(g.location, g.action);
    }
    function d() {
        return Math.random().toString(36).substr(2, c);
    }
    const p = M(u, 0, i.length - 1);
    const h = i.map((e)=>createLocation(e, undefined, typeof e == "string" ? d() : e.key || d()));
    function y(e) {
        const t = M(g.index + e, 0, g.entries.length - 1);
        const r = g.entries[t];
        s.confirmTransitionTo(r, "POP", n, (e)=>{
            if (e) {
                f({
                    action: "POP",
                    location: r,
                    index: t
                });
            } else {
                f();
            }
        });
    }
    const g = {
        length: h.length,
        action: "POP",
        location: h[p],
        index: p,
        entries: h,
        createHref: createPath,
        push (e, t) {
            const r = createLocation(e, t, d(), g.location);
            s.confirmTransitionTo(r, "PUSH", n, (e)=>{
                if (e) {
                    const t = g.index + 1;
                    const n = g.entries.slice(0);
                    if (n.length > t) {
                        n.splice(t, n.length - t, r);
                    } else {
                        n.push(r);
                    }
                    f({
                        action: "PUSH",
                        location: r,
                        index: t,
                        entries: n
                    });
                }
            });
        },
        replace (e, t) {
            const r = createLocation(e, t, d(), g.location);
            s.confirmTransitionTo(r, "REPLACE", n, (e)=>{
                if (e) {
                    g.entries[g.index] = r;
                    f({
                        action: "REPLACE",
                        location: r
                    });
                }
            });
        },
        go: y,
        goBack () {
            y(-1);
        },
        goForward () {
            y(1);
        },
        canGo (e) {
            const t = g.index + e;
            return t >= 0 && t < g.entries.length;
        },
        block (e = false) {
            return s.setPrompt(e);
        },
        listen (e) {
            return s.appendListener(e);
        }
    };
    return g;
}
