---
source: tests/webpack4_unpack.rs
expression: code
---
import r from "./module-40.js";
export default h;
export const compile = (e, t)=>tokensToFunction(parse(e, t), t);
const o = new RegExp([
    "(\\\\.)",
    "([\\/.])?(?:(?:\\:(\\w+)(?:\\(((?:\\\\.|[^\\\\()])+)\\))?|\\(((?:\\\\.|[^\\\\()])+)\\))([+*?])?|(\\*))"
].join("|"), "g");
export function parse(e, t) {
    let n;
    const r = [];
    let parse = 0;
    let a = 0;
    let u = "";
    const tokensToFunction = t && t.delimiter || "/";
    while((n = o.exec(e)) != null){
        const f = n[0];
        const d = n[1];
        const tokensToRegExp = n.index;
        u += e.slice(a, tokensToRegExp);
        a = tokensToRegExp + f.length;
        if (d) {
            u += d[1];
        } else {
            const h = e[a];
            const [, , m, y, v, b, g, w] = n;
            if (u) {
                r.push(u);
                u = "";
            }
            const E = m != null && h != null && h !== m;
            const x = g === "+" || g === "*";
            const k = g === "?" || g === "*";
            const T = n[2] || tokensToFunction;
            const S = v || b;
            r.push({
                name: y || parse++,
                prefix: m || "",
                delimiter: T,
                optional: k,
                repeat: x,
                partial: E,
                asterisk: !!w,
                pattern: S ? s(S) : w ? ".*" : "[^" + c(T) + "]+?"
            });
        }
    }
    if (a < e.length) {
        u += e.substr(a);
    }
    if (u) {
        r.push(u);
    }
    return r;
}
function a(e) {
    return encodeURI(e).replace(/[\/?#]/g, (e)=>"%" + e.charCodeAt(0).toString(16).toUpperCase());
}
function u(e) {
    return encodeURI(e).replace(/[?#]/g, (e)=>"%" + e.charCodeAt(0).toString(16).toUpperCase());
}
export function tokensToFunction(e, t) {
    const n = new Array(e.length);
    for(let o = 0; o < e.length; o++){
        if (typeof e[o] == "object") {
            n[o] = new RegExp("^(?:" + e[o].pattern + ")$", d(t));
        }
    }
    return (t, o)=>{
        let parse = "";
        const tokensToFunction = t || {};
        const c = (o || {}).pretty ? a : encodeURIComponent;
        for(let s = 0; s < e.length; s++){
            const f = e[s];
            if (typeof f != "string") {
                let d;
                const tokensToRegExp = tokensToFunction[f.name];
                if (tokensToRegExp == null) {
                    if (f.optional) {
                        if (f.partial) {
                            parse += f.prefix;
                        }
                        continue;
                    }
                    throw new TypeError('Expected "' + f.name + '" to be defined');
                }
                if (r(tokensToRegExp)) {
                    if (!f.repeat) {
                        throw new TypeError('Expected "' + f.name + '" to not repeat, but received `' + JSON.stringify(tokensToRegExp) + "`");
                    }
                    if (tokensToRegExp.length === 0) {
                        if (f.optional) {
                            continue;
                        }
                        throw new TypeError('Expected "' + f.name + '" to not be empty');
                    }
                    for(let h = 0; h < tokensToRegExp.length; h++){
                        d = c(tokensToRegExp[h]);
                        if (!n[s].test(d)) {
                            throw new TypeError('Expected all "' + f.name + '" to match "' + f.pattern + '", but received `' + JSON.stringify(d) + "`");
                        }
                        parse += (h === 0 ? f.prefix : f.delimiter) + d;
                    }
                } else {
                    d = f.asterisk ? u(tokensToRegExp) : c(tokensToRegExp);
                    if (!n[s].test(d)) {
                        throw new TypeError('Expected "' + f.name + '" to match "' + f.pattern + '", but received "' + d + '"');
                    }
                    parse += f.prefix + d;
                }
            } else {
                parse += f;
            }
        }
        return parse;
    };
}
function c(e) {
    return e.replace(/([.+*?=^!:${}()[\]|\/\\])/g, "\\$1");
}
function s(e) {
    return e.replace(/([=!:$\/()])/g, "\\$1");
}
function f(e, t) {
    e.keys = t;
    return e;
}
function d(e) {
    if (e && e.sensitive) {
        return "";
    }
    return "i";
}
export function tokensToRegExp(e, t, n) {
    if (!r(t)) {
        n = t || n;
        t = [];
    }
    const o = (n = n || {}).strict;
    const parse = n.end !== false;
    let a = "";
    for(let u = 0; u < e.length; u++){
        const tokensToFunction = e[u];
        if (typeof tokensToFunction == "string") {
            a += c(tokensToFunction);
        } else {
            const s = c(tokensToFunction.prefix);
            let tokensToRegExp = "(?:" + tokensToFunction.pattern + ")";
            t.push(tokensToFunction);
            if (tokensToFunction.repeat) {
                tokensToRegExp += "(?:" + s + tokensToRegExp + ")*";
            }
            a += tokensToRegExp = tokensToFunction.optional ? tokensToFunction.partial ? s + "(" + tokensToRegExp + ")?" : "(?:" + s + "(" + tokensToRegExp + "))?" : s + "(" + tokensToRegExp + ")";
        }
    }
    const h = c(n.delimiter || "/");
    const m = a.slice(-h.length) === h;
    if (!o) {
        a = (m ? a.slice(0, -h.length) : a) + "(?:" + h + "(?=$))?";
    }
    a += parse ? "$" : o && m ? "" : "(?=" + h + "|$)";
    return f(new RegExp("^" + a, d(n)), t);
}
function h(e, t, n = {}) {
    if (!r(t)) {
        n = t || n;
        t = [];
    }
    if (e instanceof RegExp) {
        return ((e, t)=>{
            const n = e.source.match(/\((?!\?)/g);
            if (n) {
                for(let r = 0; r < n.length; r++){
                    t.push({
                        name: r,
                        prefix: null,
                        delimiter: null,
                        optional: false,
                        repeat: false,
                        partial: false,
                        asterisk: false,
                        pattern: null
                    });
                }
            }
            return f(e, t);
        })(e, t);
    }
    if (r(e)) {
        return ((e, t, n)=>{
            const r = [];
            for(let o = 0; o < e.length; o++){
                r.push(h(e[o], t, n).source);
            }
            return f(new RegExp("(?:" + r.join("|") + ")", d(n)), t);
        })(e, t, n);
    }
    return ((e, t, n)=>tokensToRegExp(parse(e, n), t, n))(e, t, n);
}
