---
source: tests/webpack4_unpack.rs
expression: code
---
import r from "./module-14.js";
const i = {};
const _a = 0;
export const a = (e, t = {}, n)=>{
    if (typeof t === "string") {
        t = {
            path: t
        };
    }
    const r = t;
    const { path, exact } = r;
    const c = exact !== undefined && exact;
    const r_strict = r.strict;
    const f = r_strict !== undefined && r_strict;
    const r_sensitive = r.sensitive;
    const p = r_sensitive !== undefined && r_sensitive;
    if (path == null) {
        return n;
    }
    const h = ((path, t)=>{
        const n = `${t.end}${t.strict}${t.sensitive}`;
        const r = i[n] || (i[n] = {});
        if (r[path]) {
            return r[path];
        }
        const u = [];
        const l = {
            re: r(path, u, t),
            keys: u
        };
        if (a < 10000) {
            r[path] = l;
            a++;
        }
        return l;
    })(path, {
        end: c,
        strict: f,
        sensitive: p
    });
    const { re, keys } = h;
    const v = re.exec(e);
    if (!v) {
        return null;
    }
    const b = v[0];
    const g = v.slice(1);
    const w = e === b;
    if (c && !w) {
        return null;
    }
    return {
        path,
        url: path === "/" && b === "" ? "/" : b,
        isExact: w,
        params: keys.reduce((e, t, n)=>{
            e[t.name] = g[n];
            return e;
        }, {})
    };
};
