---
source: tests/webpack4_unpack.rs
expression: code
---
import r from "./module-0.js";
import o from "./module-9.js";
import i from "./module-12.js";
export { u as a };
export { c };
export { p as b };
export { h as f };
const a = Object.assign || function(module) {
    for(let exports = 1; exports < arguments.length; exports++){
        const require = arguments[exports];
        for(let r in require){
            if (Object.prototype.hasOwnProperty.call(require, r)) {
                module[r] = require[r];
            }
        }
    }
    return module;
};
const u = {
    type: "@@redux-saga/CHANNEL_END"
};
export const e = (module)=>module && module.type === "@@redux-saga/CHANNEL_END";
function c() {
    const module = [];
    return {
        subscribe (exports) {
            module.push(exports);
            return ()=>r.w(module, exports);
        },
        emit (exports) {
            const require = module.slice();
            for(let r = 0, o = require.length; r < o; r++){
                require[r](exports);
            }
        }
    };
}
const s = "invalid buffer passed to channel factory function";
const f = "Saga was provided with an undefined action";
export function b(module = o.a.fixed()) {
    let exports = false;
    let require = [];
    function i() {
        if (exports && require.length) {
            throw r.p("Cannot have a closed channel with pending takers");
        }
        if (require.length && !module.isEmpty()) {
            throw r.p("Cannot have pending takers with non empty buffer");
        }
    }
    r.h(module, r.q.buffer, s);
    return {
        take (o) {
            i();
            r.h(o, r.q.func, "channel.take's callback must be a function");
            if (exports && module.isEmpty()) {
                o(u);
            } else if (module.isEmpty()) {
                require.push(o);
                o.cancel = ()=>r.w(require, o);
            } else {
                o(module.take());
            }
        },
        put (o) {
            i();
            r.h(o, r.q.notUndef, f);
            if (!exports) {
                if (!require.length) {
                    return module.put(o);
                }
                for(let a = 0; a < require.length; a++){
                    const u = require[a];
                    if (!u[r.b] || u[r.b](o)) {
                        require.splice(a, 1);
                        return u(o);
                    }
                }
            }
        },
        flush (require) {
            i();
            r.h(require, r.q.func, "channel.flush' callback must be a function");
            if (exports && module.isEmpty()) {
                require(u);
            } else {
                require(module.flush());
            }
        },
        close () {
            i();
            if (!exports && (exports = true, require.length)) {
                const module = require;
                require = [];
                for(let r = 0, o = module.length; r < o; r++){
                    module[r](u);
                }
            }
        },
        get __takers__ () {
            return require;
        },
        get __closed__ () {
            return exports;
        }
    };
}
function p(module, exports = o.a.none()) {
    const require = arguments[2];
    if (arguments.length > 2) {
        r.h(require, r.q.func, "Invalid match function passed to eventChannel");
    }
    const i = b(exports);
    const a = ()=>{
        if (!i.__closed__) {
            if (u) {
                u();
            }
            i.close();
        }
    };
    const u = module((module)=>{
        if (e(module)) {
            a();
        } else if (!(require && !require(module))) {
            i.put(module);
        }
    });
    if (i.__closed__) {
        u();
    }
    if (!r.q.func(u)) {
        throw new Error("in eventChannel: subscribe should return a function to unsubscribe");
    }
    return {
        take: i.take,
        flush: i.flush,
        close: a
    };
}
function h(module) {
    const exports = p((exports)=>module((module)=>{
            if (module[r.c]) {
                exports(module);
            } else {
                i.a(()=>exports(module));
            }
        }));
    return a({}, exports, {
        take (module, require) {
            if (arguments.length > 1) {
                r.h(require, r.q.func, "channel.take's matcher argument must be a function");
                module[r.b] = require;
            }
            exports.take(module);
        }
    });
}
