---
source: tests/webpack4_unpack.rs
expression: code
---
import i from "./module-3.js";
import u from "./module-1.js";
import h from "./module-7.js";
import y from "./module-32.js";
import b from "./module-5.js";
import w from "./module-20.js";
import { bindActionCreators } from "./module-11.js";
function r(e, t) {
    return (r = Object.setPrototypeOf ? Object.setPrototypeOf.bind() : (e, t)=>{
        e.__proto__ = t;
        return e;
    })(e, t);
}
function o(e, t) {
    e.prototype = Object.create(t.prototype);
    e.prototype.constructor = e;
    r(e, t);
}
const c = u.shape({
    trySubscribe: u.func.isRequired,
    tryUnsubscribe: u.func.isRequired,
    notifyNestedSubs: u.func.isRequired,
    isSubscribed: u.func.isRequired
});
const s = u.shape({
    subscribe: u.func.isRequired,
    dispatch: u.func.isRequired,
    getState: u.func.isRequired
});
i.forwardRef;
export function createProvider(e = "store") {
    let t;
    const n = `${e}Subscription`;
    class r extends i.Component {
        constructor(n, r){
            super(n, r);
            this[e] = n.store;
        }
        getChildContext() {
            let t;
            t = {};
            t[e] = this[e];
            t[n] = null;
            return t;
        }
        render() {
            return i.Children.only(this.props.children);
        }
    }
    r.propTypes = {
        store: s.isRequired,
        children: u.element.isRequired
    };
    r.childContextTypes = ((t = {})[e] = s.isRequired, t[n] = c, t);
    return r;
}
export const Provider = createProvider();
function p(e) {
    if (e === undefined) {
        throw new ReferenceError("this hasn't been initialised - super() hasn't been called");
    }
    return e;
}
function m(e, t) {
    if (e == null) {
        return {};
    }
    let n;
    let r;
    const o = {};
    const i = Object.keys(e);
    for(r = 0; r < i.length; r++){
        n = i[r];
        if (!(t.indexOf(n) >= 0)) {
            o[n] = e[n];
        }
    }
    return o;
}
const E = null;
const x = {
    notify () {}
};
class k {
    constructor(e, t, n){
        this.store = e;
        this.parentSub = t;
        this.onStateChange = n;
        this.unsubscribe = null;
        this.listeners = x;
    }
    addNestedSub(e) {
        this.trySubscribe();
        return this.listeners.subscribe(e);
    }
    notifyNestedSubs() {
        this.listeners.notify();
    }
    isSubscribed() {
        return Boolean(this.unsubscribe);
    }
    trySubscribe() {
        if (!this.unsubscribe) {
            this.unsubscribe = this.parentSub ? this.parentSub.addNestedSub(this.onStateChange) : this.store.subscribe(this.onStateChange);
            this.listeners = (()=>{
                let e = [];
                let t = [];
                return {
                    clear () {
                        t = E;
                        e = E;
                    },
                    notify () {
                        for(let n = e = t, r = 0; r < n.length; r++){
                            n[r]();
                        }
                    },
                    get () {
                        return t;
                    },
                    subscribe (n) {
                        let r = true;
                        if (t === e) {
                            t = e.slice();
                        }
                        t.push(n);
                        return ()=>{
                            if (r && e !== E) {
                                r = false;
                                if (t === e) {
                                    t = e.slice();
                                }
                                t.splice(t.indexOf(n), 1);
                            }
                        };
                    }
                };
            })();
        }
    }
    tryUnsubscribe() {
        if (this.unsubscribe) {
            this.unsubscribe();
            this.unsubscribe = null;
            this.listeners.clear();
            this.listeners = x;
        }
    }
}
const T = i.forwardRef !== undefined;
let S = 0;
const O = {};
function C() {}
export function connectAdvanced(e, t = {}) {
    let n;
    let r;
    const a = t;
    const a_getDisplayName = a.getDisplayName;
    const l = a_getDisplayName === undefined ? (e)=>`ConnectAdvanced(${e})` : a_getDisplayName;
    const a_methodName = a.methodName;
    const d = a_methodName === undefined ? "connectAdvanced" : a_methodName;
    const a_renderCountProp = a.renderCountProp;
    const b = a_renderCountProp === undefined ? undefined : a_renderCountProp;
    const a_shouldHandleStateChanges = a.shouldHandleStateChanges;
    const x = a_shouldHandleStateChanges === undefined || a_shouldHandleStateChanges;
    const a_storeKey = a.storeKey;
    const _ = a_storeKey === undefined ? "store" : a_storeKey;
    const a_withRef = a.withRef;
    const R = a_withRef !== undefined && a_withRef;
    const N = m(a, [
        "getDisplayName",
        "methodName",
        "renderCountProp",
        "shouldHandleStateChanges",
        "storeKey",
        "withRef"
    ]);
    const M = `${_}Subscription`;
    const A = S++;
    n = {};
    n[_] = s;
    n[M] = c;
    const L = n;
    r = {};
    r[M] = c;
    const I = r;
    return function(T1) {
        b(w.isValidElementType(T1), `You must pass a component to the function returned by ${d}. Instead received ${JSON.stringify(T1)}`);
        const n = T1.displayName || T1.name || "Component";
        const r = l(n);
        const a = h.a({}, N, {
            getDisplayName: l,
            methodName: d,
            renderCountProp: b,
            shouldHandleStateChanges: x,
            storeKey: _,
            withRef: R,
            displayName: r,
            wrappedComponentName: n,
            WrappedComponent: T1
        });
        class u extends i.Component {
            constructor(e, t){
                super(e, t);
                this.version = A;
                this.state = {};
                this.renderCount = 0;
                this.store = e[_] || t[_];
                this.propsMode = Boolean(e[_]);
                this.setWrappedInstance = this.setWrappedInstance.bind(p(p(this)));
                b(this.store, `Could not find "${_}" in either the context or props of "${r}". Either wrap the root component in a <Provider>, or explicitly pass "${_}" as a prop to "${r}".`);
                this.initSelector();
                this.initSubscription();
            }
            getChildContext() {
                let e;
                const t = this.propsMode ? null : this.subscription;
                e = {};
                e[M] = t || this.context[M];
                return e;
            }
            componentDidMount() {
                if (x) {
                    this.subscription.trySubscribe();
                    this.selector.run(this.props);
                    if (this.selector.shouldComponentUpdate) {
                        this.forceUpdate();
                    }
                }
            }
            componentWillReceiveProps(e) {
                this.selector.run(e);
            }
            shouldComponentUpdate() {
                return this.selector.shouldComponentUpdate;
            }
            componentWillUnmount() {
                if (this.subscription) {
                    this.subscription.tryUnsubscribe();
                }
                this.subscription = null;
                this.notifyNestedSubs = C;
                this.store = null;
                this.selector.run = C;
                this.selector.shouldComponentUpdate = false;
            }
            getWrappedInstance() {
                b(R, `To access the wrapped instance, you need to specify { withRef: true } in the options argument of the ${d}() call.`);
                return this.wrappedInstance;
            }
            setWrappedInstance(e) {
                this.wrappedInstance = e;
            }
            initSelector() {
                const t = e(this.store.dispatch, a);
                this.selector = ((e, t)=>{
                    const n = {
                        run (r) {
                            try {
                                const o = e(t.getState(), r);
                                if (o !== n.props || n.error) {
                                    n.shouldComponentUpdate = true;
                                    n.props = o;
                                    n.error = null;
                                }
                            } catch (e) {
                                n.shouldComponentUpdate = true;
                                n.error = e;
                            }
                        }
                    };
                    return n;
                })(t, this.store);
                this.selector.run(this.props);
            }
            initSubscription() {
                if (x) {
                    const e = (this.propsMode ? this.props : this.context)[M];
                    this.subscription = new k(this.store, e, this.onStateChange.bind(this));
                    this.notifyNestedSubs = this.subscription.notifyNestedSubs.bind(this.subscription);
                }
            }
            onStateChange() {
                this.selector.run(this.props);
                if (this.selector.shouldComponentUpdate) {
                    this.componentDidUpdate = this.notifyNestedSubsOnComponentDidUpdate;
                    this.setState(O);
                } else {
                    this.notifyNestedSubs();
                }
            }
            notifyNestedSubsOnComponentDidUpdate() {
                this.componentDidUpdate = undefined;
                this.notifyNestedSubs();
            }
            isSubscribed() {
                return Boolean(this.subscription) && this.subscription.isSubscribed();
            }
            addExtraProps(e) {
                if (!(R || b || this.propsMode && this.subscription)) {
                    return e;
                }
                const t = h.a({}, e);
                if (R) {
                    t.ref = this.setWrappedInstance;
                }
                if (b) {
                    t[b] = this.renderCount++;
                }
                if (this.propsMode && this.subscription) {
                    t[M] = this.subscription;
                }
                return t;
            }
            render() {
                const selector = this.selector;
                selector.shouldComponentUpdate = false;
                if (selector.error) {
                    throw selector.error;
                }
                return <T1 {...this.addExtraProps(selector.props)}/>;
            }
        }
        if (T) {
            u.prototype.UNSAFE_componentWillReceiveProps = u.prototype.componentWillReceiveProps;
            delete u.prototype.componentWillReceiveProps;
        }
        u.WrappedComponent = T1;
        u.displayName = r;
        u.childContextTypes = I;
        u.contextTypes = L;
        u.propTypes = L;
        return y(u, T1);
    };
}
const hasOwnProperty = Object.prototype.hasOwnProperty;
function j(e, t) {
    if (e === t) {
        return e !== 0 || t !== 0 || 1 / e == 1 / t;
    }
    return e != e && t != t;
}
function R(e, t) {
    if (j(e, t)) {
        return true;
    }
    if (typeof e !== "object" || e === null || typeof t !== "object" || t === null) {
        return false;
    }
    const n = Object.keys(e);
    const r = Object.keys(t);
    if (n.length !== r.length) {
        return false;
    }
    for(let o = 0; o < n.length; o++){
        if (!hasOwnProperty.call(t, n[o]) || !j(e[n[o]], t[n[o]])) {
            return false;
        }
    }
    return true;
}
function M(e) {
    return (t, n)=>{
        const r = e(t, n);
        function o() {
            return r;
        }
        o.dependsOnOwnProps = false;
        return o;
    };
}
function A(e) {
    if (e.dependsOnOwnProps !== null && e.dependsOnOwnProps !== undefined) {
        return Boolean(e.dependsOnOwnProps);
    }
    return e.length !== 1;
}
function L(e, t) {
    return (t, n)=>{
        n.displayName;
        const r = (e, t)=>{
            if (r.dependsOnOwnProps) {
                return r.mapToProps(e, t);
            }
            return r.mapToProps(e);
        };
        r.dependsOnOwnProps = true;
        r.mapToProps = (t, n)=>{
            r.mapToProps = e;
            r.dependsOnOwnProps = A(e);
            let o = r(t, n);
            if (typeof o === "function") {
                r.mapToProps = o;
                r.dependsOnOwnProps = A(o);
                o = r(t, n);
            }
            return o;
        };
        return r;
    };
}
const I = [
    (e)=>{
        if (typeof e === "function") {
            return L(e);
        }
    },
    (e)=>{
        if (e) {
            return undefined;
        }
        return M((e)=>({
                dispatch: e
            }));
    },
    (e)=>{
        if (e && typeof e === "object") {
            return M((t)=>bindActionCreators(e, t));
        }
    }
];
const D = [
    (e)=>{
        if (typeof e === "function") {
            return L(e);
        }
    },
    (e)=>{
        if (e) {
            return undefined;
        }
        return M(()=>({}));
    }
];
function F(e, t, n) {
    return h.a({}, n, e, t);
}
const z = [
    (e)=>{
        if (typeof e === "function") {
            return ((e)=>(t, n)=>{
                    n.displayName;
                    let r;
                    const { pure, areMergedPropsEqual } = n;
                    let a = false;
                    return (t, n, u)=>{
                        const l = e(t, n, u);
                        if (a) {
                            if (!(pure && areMergedPropsEqual(l, r))) {
                                r = l;
                            }
                        } else {
                            a = true;
                            r = l;
                        }
                        return r;
                    };
                })(e);
        }
    },
    (e)=>{
        if (e) {
            return undefined;
        }
        return ()=>F;
    }
];
function q(e, t, n, r) {
    return (o, i)=>n(e(o, i), t(r, i), i);
}
function U(e, t, n, r, o) {
    let i;
    let a;
    let u;
    let l;
    let c;
    const { areStatesEqual, areOwnPropsEqual, areStatePropsEqual } = o;
    let p = false;
    function h(o, p) {
        const h = !areOwnPropsEqual(p, a);
        const m = !areStatesEqual(o, i);
        i = o;
        a = p;
        if (h && m) {
            u = e(i, a);
            if (t.dependsOnOwnProps) {
                l = t(r, a);
            }
            return c = n(u, l, a);
        }
        if (h) {
            if (e.dependsOnOwnProps) {
                u = e(i, a);
            }
            if (t.dependsOnOwnProps) {
                l = t(r, a);
            }
            return c = n(u, l, a);
        }
        if (m) {
            return (()=>{
                const t = e(i, a);
                const r = !areStatePropsEqual(t, u);
                u = t;
                if (r) {
                    c = n(u, l, a);
                }
                return c;
            })();
        }
        return c;
    }
    return (o, s)=>{
        if (p) {
            return h(o, s);
        }
        return ((o, s)=>{
            u = e(i = o, a = s);
            l = t(r, a);
            c = n(u, l, a);
            p = true;
            return c;
        })(o, s);
    };
}
function H(e, t) {
    const { initMapStateToProps, initMapDispatchToProps, initMergeProps } = t;
    const i = m(t, [
        "initMapStateToProps",
        "initMapDispatchToProps",
        "initMergeProps"
    ]);
    const a = initMapStateToProps(e, i);
    const u = initMapDispatchToProps(e, i);
    const l = initMergeProps(e, i);
    return (i.pure ? U : q)(a, u, l, e, i);
}
function W(e, t, n) {
    for(let r = t.length - 1; r >= 0; r--){
        const o = t[r](e);
        if (o) {
            return o;
        }
    }
    return (t, r)=>{
        throw new Error(`Invalid value of type ${typeof e} for ${n} argument when connecting component ${r.wrappedComponentName}.`);
    };
}
function $(e, t) {
    return e === t;
}
export const connect = ((e)=>{
    const t = e === undefined ? {} : e;
    const t_connectHOC = t.connectHOC;
    const r = t_connectHOC === undefined ? connectAdvanced : t_connectHOC;
    const t_mapStateToPropsFactories = t.mapStateToPropsFactories;
    const i = t_mapStateToPropsFactories === undefined ? D : t_mapStateToPropsFactories;
    const t_mapDispatchToPropsFactories = t.mapDispatchToPropsFactories;
    const u = t_mapDispatchToPropsFactories === undefined ? I : t_mapDispatchToPropsFactories;
    const t_mergePropsFactories = t.mergePropsFactories;
    const c = t_mergePropsFactories === undefined ? z : t_mergePropsFactories;
    const t_selectorFactory = t.selectorFactory;
    const f = t_selectorFactory === undefined ? H : t_selectorFactory;
    return (e, t, n, o = {})=>{
        const a = o;
        const a_pure = a.pure;
        const s = a_pure === undefined || a_pure;
        const a_areStatesEqual = a.areStatesEqual;
        const p = a_areStatesEqual === undefined ? $ : a_areStatesEqual;
        const a_areOwnPropsEqual = a.areOwnPropsEqual;
        const v = a_areOwnPropsEqual === undefined ? R : a_areOwnPropsEqual;
        const a_areStatePropsEqual = a.areStatePropsEqual;
        const g = a_areStatePropsEqual === undefined ? R : a_areStatePropsEqual;
        const a_areMergedPropsEqual = a.areMergedPropsEqual;
        const E = a_areMergedPropsEqual === undefined ? R : a_areMergedPropsEqual;
        const x = m(a, [
            "pure",
            "areStatesEqual",
            "areOwnPropsEqual",
            "areStatePropsEqual",
            "areMergedPropsEqual"
        ]);
        const k = W(e, i, "mapStateToProps");
        const T = W(t, u, "mapDispatchToProps");
        const S = W(n, c, "mergeProps");
        return r(f, h.a({
            methodName: "connect",
            getDisplayName (e) {
                return `Connect(${e})`;
            },
            shouldHandleStateChanges: Boolean(e),
            initMapStateToProps: k,
            initMapDispatchToProps: T,
            initMergeProps: S,
            pure: s,
            areStatesEqual: p,
            areOwnPropsEqual: v,
            areStatePropsEqual: g,
            areMergedPropsEqual: E
        }, x));
    };
})();
