---
source: tests/webpack4_unpack.rs
expression: code
---
import r from "./module-2.js";
import o from "./module-10.js";
export function takeEvery(module, exports) {
    for(let require = arguments.length, takeEvery = Array(require > 2 ? require - 2 : 0), takeLatest = 2; takeLatest < require; takeLatest++){
        takeEvery[takeLatest - 2] = arguments[takeLatest];
    }
    return r.k.apply(undefined, [
        o.b,
        module,
        exports
    ].concat(takeEvery));
}
export function takeLatest(module, exports) {
    for(let require = arguments.length, takeEvery = Array(require > 2 ? require - 2 : 0), takeLatest = 2; takeLatest < require; takeLatest++){
        takeEvery[takeLatest - 2] = arguments[takeLatest];
    }
    return r.k.apply(undefined, [
        o.d,
        module,
        exports
    ].concat(takeEvery));
}
export function throttle(module, exports, require) {
    for(let takeEvery = arguments.length, takeLatest = Array(takeEvery > 3 ? takeEvery - 3 : 0), throttle = 3; throttle < takeEvery; throttle++){
        takeLatest[throttle - 3] = arguments[throttle];
    }
    return r.k.apply(undefined, [
        o.f,
        module,
        exports,
        require
    ].concat(takeLatest));
}
export const take = r.s;
export const takem = r.t;
export const put = r.n;
export const all = r.b;
export const race = r.o;
export const call = r.e;
export const apply = r.c;
export const cps = r.h;
export const fork = r.k;
export const spawn = r.r;
export const join = r.m;
export const cancel = r.f;
export const select = r.p;
export const actionChannel = r.a;
export const cancelled = r.g;
export const flush = r.j;
export const getContext = r.l;
export const setContext = r.q;
