---
source: tests/webpack4_unpack.rs
expression: code
---
import r from "./module-3.js";
import i from "./module-1.js";
import u from "./module-16.js";
import m from "./module-15.js";
export const LOCATION_CHANGE = "@@router/LOCATION_CHANGE";
const s = {
    location: null
};
export function routerReducer(e = s, t = {}) {
    const { type, payload } = t;
    if (type === LOCATION_CHANGE) {
        return {
            ...e,
            location: payload
        };
    }
    return e;
}
function d(e, t) {
    if (!e) {
        throw new ReferenceError("this hasn't been initialised - super() hasn't been called");
    }
    if (!t || typeof t != "object" && typeof t != "function") {
        return e;
    }
    return t;
}
export const ConnectedRouter = ((e)=>{
    function t(...i) {
        let n;
        let r;
        n = r = d(this, e.call(...[
            this
        ].concat(i)));
        r.handleLocationChange = (e)=>{
            r.store.dispatch({
                type: LOCATION_CHANGE,
                payload: e
            });
        };
        return d(r, n);
    }
    ((e, t)=>{
        if (typeof t != "function" && t !== null) {
            throw new TypeError(`Super expression must either be null or a function, not ${typeof t}`);
        }
        e.prototype = Object.create(t && t.prototype, {
            constructor: {
                value: e,
                enumerable: false,
                writable: true,
                configurable: true
            }
        });
        t && (Object.setPrototypeOf ? Object.setPrototypeOf(e, t) : e.__proto__ = t);
    })(t, e);
    t.prototype.componentWillMount = function() {
        const props = this.props;
        const { store, history, isSSR } = props;
        this.store = store || this.context.store;
        this.handleLocationChange(history.location);
        if (!isSSR) {
            this.unsubscribeFromHistory = history.listen(this.handleLocationChange);
        }
    };
    t.prototype.componentWillUnmount = function() {
        if (this.unsubscribeFromHistory) {
            this.unsubscribeFromHistory();
        }
    };
    t.prototype.render = function() {
        return <u.a {...this.props}/>;
    };
    return t;
})(r.Component);
ConnectedRouter.propTypes = {
    store: i.object,
    history: i.object.isRequired,
    children: i.node,
    isSSR: i.bool
};
ConnectedRouter.contextTypes = {
    store: i.object
};
export const getLocation = (e)=>e.router.location;
export const createMatchSelector = (e)=>{
    let t = null;
    let n = null;
    return (r)=>{
        const pathname = (getLocation(r) || {}).pathname;
        if (pathname === t) {
            return n;
        }
        t = pathname;
        const i = m.a(pathname, e);
        if (!(i && n && i.url === n.url)) {
            n = i;
        }
        return n;
    };
};
export const CALL_HISTORY_METHOD = "@@router/CALL_HISTORY_METHOD";
function g(e) {
    return (...n)=>({
            type: CALL_HISTORY_METHOD,
            payload: {
                method: e,
                args: n
            }
        });
}
export const push = g("push");
export const replace = g("replace");
export const go = g("go");
export const goBack = g("goBack");
export const goForward = g("goForward");
export const routerActions = {
    push,
    replace,
    go,
    goBack,
    goForward
};
export function routerMiddleware(e) {
    return ()=>(t)=>(n)=>{
                if (n.type !== CALL_HISTORY_METHOD) {
                    return t(n);
                }
                const n_payload = n.payload;
                const { method, args } = n_payload;
                e[method](...args);
            };
}
