---
source: tests/webpack4_unpack.rs
expression: code
---
import r from "./module-0.js";
import l from "./module-2.js";
import c from "./module-6.js";
import d from "./module-9.js";
const o = {
    done: true,
    value: undefined
};
const i = {};
function a(e) {
    if (r.q.channel(e)) {
        return "channel";
    }
    if (Array.isArray(e)) {
        return String(e.map((e)=>String(e)));
    }
    return String(e);
}
function u(e, t, n = "iterator") {
    let a = undefined;
    let u = t;
    function l(t, n) {
        if (u === i) {
            return o;
        }
        if (n) {
            u = i;
            throw n;
        }
        if (a) {
            a(t);
        }
        const r = e[u]();
        const [l, c, s] = r;
        a = s;
        if ((u = l) === i) {
            return o;
        }
        return c;
    }
    return r.t(l, (e)=>l(null, e), n, true);
}
export function b(e, t) {
    for(let n = arguments.length, r = Array(n > 2 ? n - 2 : 0), o = 2; o < n; o++){
        r[o - 2] = arguments[o];
    }
    const s = {
        done: false,
        value: l.s(e)
    };
    let f = undefined;
    const d = (e)=>f = e;
    return u({
        q1 () {
            return [
                "q2",
                s,
                d
            ];
        },
        q2 () {
            if (f === c.a) {
                return [
                    i
                ];
            }
            return [
                "q1",
                ((e)=>{
                    return {
                        done: false,
                        value: l.k.apply(undefined, [
                            t
                        ].concat(r, [
                            e
                        ]))
                    };
                })(f)
            ];
        }
    }, "q1", "takeEvery(" + a(e) + ", " + t.name + ")");
}
function f(e, t) {
    for(let n = arguments.length, r = Array(n > 2 ? n - 2 : 0), o = 2; o < n; o++){
        r[o - 2] = arguments[o];
    }
    const s = {
        done: false,
        value: l.s(e)
    };
    const f = (e)=>{
        return {
            done: false,
            value: l.k.apply(undefined, [
                t
            ].concat(r, [
                e
            ]))
        };
    };
    let d = undefined;
    let p = undefined;
    const h = (e)=>d = e;
    const m = (e)=>p = e;
    return u({
        q1 () {
            return [
                "q2",
                s,
                m
            ];
        },
        q2 () {
            if (p === c.a) {
                return [
                    i
                ];
            }
            if (d) {
                return [
                    "q3",
                    ((e)=>{
                        return {
                            done: false,
                            value: l.f(e)
                        };
                    })(d)
                ];
            }
            return [
                "q1",
                f(p),
                h
            ];
        },
        q3 () {
            return [
                "q1",
                f(p),
                h
            ];
        }
    }, "q1", "takeLatest(" + a(e) + ", " + t.name + ")");
}
function p(e, t, n) {
    for(let o = arguments.length, s = Array(o > 3 ? o - 3 : 0), f = 3; f < o; f++){
        s[f - 3] = arguments[f];
    }
    let p = undefined;
    let h = undefined;
    const m = {
        done: false,
        value: l.a(t, d.a.sliding(1))
    };
    const y = {
        done: false,
        value: l.e(r.m, e)
    };
    const v = (e)=>p = e;
    const b = (e)=>h = e;
    return u({
        q1 () {
            return [
                "q2",
                m,
                b
            ];
        },
        q2 () {
            return [
                "q3",
                {
                    done: false,
                    value: l.s(h)
                },
                v
            ];
        },
        q3 () {
            if (p === c.a) {
                return [
                    i
                ];
            }
            return [
                "q4",
                ((e)=>{
                    return {
                        done: false,
                        value: l.k.apply(undefined, [
                            n
                        ].concat(s, [
                            e
                        ]))
                    };
                })(p)
            ];
        },
        q4 () {
            return [
                "q2",
                y
            ];
        }
    }, "q1", "throttle(" + a(t) + ", " + n.name + ")");
}
export { m as a };
export { y as c };
export { f as d };
export { p as f };
const h = (e)=>"import { " + e + " } from 'redux-saga' has been deprecated in favor of import { " + e + " } from 'redux-saga/effects'.\nThe latter will not work with yield*, as helper effects are wrapped automatically for you in fork effect.\nTherefore yield " + e + " will return task descriptor to your saga and execute next lines of code.";
const m = r.n(b, h("takeEvery"));
const y = r.n(f, h("takeLatest"));
export const e = r.n(p, h("throttle"));
