---
source: tests/webpack4_unpack.rs
expression: code
---
import { a, b, c, e, f, g, h, j, k, l, m, n, o as o_2, p, q, r, s, t } from "./module-2.js";
import o from "./module-10.js";
export function takeEvery(e, t) {
    for(let n = arguments.length, i = Array(n > 2 ? n - 2 : 0), a = 2; a < n; a++){
        i[a - 2] = arguments[a];
    }
    return k(o.b, e, t, ...i);
}
export function takeLatest(e, t) {
    for(let n = arguments.length, i = Array(n > 2 ? n - 2 : 0), a = 2; a < n; a++){
        i[a - 2] = arguments[a];
    }
    return k(o.d, e, t, ...i);
}
export function throttle(e, t, n) {
    for(let i = arguments.length, a = Array(i > 3 ? i - 3 : 0), u = 3; u < i; u++){
        a[u - 3] = arguments[u];
    }
    return k(o.f, e, t, n, ...a);
}
export const take = s;
export const takem = t;
export const put = n;
export const all = b;
export const race = o_2;
export const call = e;
export const apply = c;
export const cps = h;
export const fork = k;
export const spawn = r;
export const join = m;
export const cancel = f;
export const select = p;
export const actionChannel = a;
export const cancelled = g;
export const flush = j;
export const getContext = l;
export const setContext = q;
