---
source: tests/webpack4_unpack.rs
expression: code
---
import r from "./module-14.js";
const o = ()=>{
    if (r && r.__esModule) {
        return r.default;
    }
    return r;
};
const i = {};
let a = 0;
export const a = function(e, t = {}) {
    const n = arguments[2];
    if (typeof t == "string") {
        t = {
            path: t
        };
    }
    const r = t;
    const { path: u, exact: l } = r;
    const c = l !== undefined && l;
    const s = r.strict;
    const f = s !== undefined && s;
    const d = r.sensitive;
    const p = d !== undefined && d;
    if (u == null) {
        return n;
    }
    const h = ((e, t)=>{
        const n = "" + t.end + t.strict + t.sensitive;
        const r = i[n] || (i[n] = {});
        if (r[e]) {
            return r[e];
        }
        const u = [];
        const l = {
            re: o()(e, u, t),
            keys: u
        };
        if (a < 10000) {
            r[e] = l;
            a++;
        }
        return l;
    })(u, {
        end: c,
        strict: f,
        sensitive: p
    });
    const { re: m, keys: y } = h;
    const v = m.exec(e);
    if (!v) {
        return null;
    }
    const b = v[0];
    const g = v.slice(1);
    const w = e === b;
    if (c && !w) {
        return null;
    }
    return {
        path: u,
        url: u === "/" && b === "" ? "/" : b,
        isExact: w,
        params: y.reduce((e, t, n)=>{
            e[t.name] = g[n];
            return e;
        }, {})
    };
};
