---
source: tests/webpack4_unpack.rs
expression: code
---
export default ((e)=>{
    if (!e.webpackPolyfill) {
        const t = Object.create(e);
        if (!t.children) {
            t.children = [];
        }
        Object.defineProperty(t, "loaded", {
            enumerable: true,
            get () {
                return t.l;
            }
        });
        Object.defineProperty(t, "id", {
            enumerable: true,
            get () {
                return t.i;
            }
        });
        Object.defineProperty(t, "exports", {
            enumerable: true
        });
        t.webpackPolyfill = 1;
    }
    return t;
});
