---
source: crates/core/tests/webpack4_unpack.rs
expression: code
---
const r = {
    childContextTypes: true,
    contextTypes: true,
    defaultProps: true,
    displayName: true,
    getDefaultProps: true,
    getDerivedStateFromProps: true,
    mixins: true,
    propTypes: true,
    type: true
};
const o = {
    name: true,
    length: true,
    prototype: true,
    caller: true,
    callee: true,
    arguments: true,
    arity: true
};
const Object_defineProperty = Object.defineProperty;
const Object_getOwnPropertyNames = Object.getOwnPropertyNames;
const Object_getOwnPropertySymbols = Object.getOwnPropertySymbols;
const Object_getOwnPropertyDescriptor = Object.getOwnPropertyDescriptor;
const Object_getPrototypeOf = Object.getPrototypeOf;
const s = Object_getPrototypeOf && Object_getPrototypeOf(Object);
export default (function e(t, n, f) {
    if (typeof n !== "string") {
        if (s) {
            const d = Object_getPrototypeOf(n);
            if (d && d !== s) {
                e(t, d, f);
            }
        }
        let p = Object_getOwnPropertyNames(n);
        if (Object_getOwnPropertySymbols) {
            p = p.concat(Object_getOwnPropertySymbols(n));
        }
        for (const m of p){
            if (!(r[m] || o[m] || f && f[m])) {
                const y = Object_getOwnPropertyDescriptor(n, m);
                try {
                    Object_defineProperty(t, m, y);
                } catch (e) {}
            }
        }
        return t;
    }
    return t;
});
