---
source: tests/webpack4_unpack_raw.rs
expression: code
---
"use strict";
!function e() {
    if ("undefined" != typeof __REACT_DEVTOOLS_GLOBAL_HOOK__ && "function" == typeof __REACT_DEVTOOLS_GLOBAL_HOOK__.checkDCE) try {
        __REACT_DEVTOOLS_GLOBAL_HOOK__.checkDCE(e);
    } catch (e) {
        console.error(e);
    }
}();
module.exports = require("./module-48.js");
